Archive member included because of file (symbol)

c:\Users\sahana\AppData\Roaming\Code\User\globalStorage\vexrobotics.vexcode\sdk\cpp\V5\V5_20240802_15_00_00/vexv5\libv5rt.a(v5_startup.c.obj)
                              (vexStartup)
c:\Users\sahana\AppData\Roaming\Code\User\globalStorage\vexrobotics.vexcode\sdk\cpp\V5\V5_20240802_15_00_00/vexv5\libv5rt.a(v5_util.c.obj)
                              c:\Users\sahana\AppData\Roaming\Code\User\globalStorage\vexrobotics.vexcode\sdk\cpp\V5\V5_20240802_15_00_00/vexv5\libv5rt.a(v5_startup.c.obj) (vexStdlibVersionLinked)
c:\Users\sahana\AppData\Roaming\Code\User\globalStorage\vexrobotics.vexcode\sdk\cpp\V5\V5_20240802_15_00_00/vexv5\libv5rt.a(v5_apijump.c.obj)
                              c:\Users\sahana\AppData\Roaming\Code\User\globalStorage\vexrobotics.vexcode\sdk\cpp\V5\V5_20240802_15_00_00/vexv5\libv5rt.a(v5_startup.c.obj) (vexPrivateApiEnable)
c:\Users\sahana\AppData\Roaming\Code\User\globalStorage\vexrobotics.vexcode\sdk\cpp\V5\V5_20240802_15_00_00/vexv5\libv5rt.a(v5_apiversions.c.obj)
                              c:\Users\sahana\AppData\Roaming\Code\User\globalStorage\vexrobotics.vexcode\sdk\cpp\V5\V5_20240802_15_00_00/vexv5\libv5rt.a(v5_apijump.c.obj) (vexSystemVersion)
c:\Users\sahana\AppData\Roaming\Code\User\globalStorage\vexrobotics.vexcode\sdk\cpp\V5\V5_20240802_15_00_00/vexv5\libv5rt.a(vex_global.cpp.obj)
                              build/src/main.o (vex::wait(double, vex::timeUnits))
c:\Users\sahana\AppData\Roaming\Code\User\globalStorage\vexrobotics.vexcode\sdk\cpp\V5\V5_20240802_15_00_00/vexv5\libv5rt.a(vex_motor.cpp.obj)
                              build/src/main.o (vex::motor::~motor())
c:\Users\sahana\AppData\Roaming\Code\User\globalStorage\vexrobotics.vexcode\sdk\cpp\V5\V5_20240802_15_00_00/vexv5\libv5rt.a(vex_imu.cpp.obj)
                              build/src/JAR-Template/drive.o (vex::inertial::setRotation(double, vex::rotationUnits))
c:\Users\sahana\AppData\Roaming\Code\User\globalStorage\vexrobotics.vexcode\sdk\cpp\V5\V5_20240802_15_00_00/vexv5\libv5rt.a(vex_rotation.cpp.obj)
                              build/src/main.o (vex::rotation::~rotation())
c:\Users\sahana\AppData\Roaming\Code\User\globalStorage\vexrobotics.vexcode\sdk\cpp\V5\V5_20240802_15_00_00/vexv5\libv5rt.a(vex_distance.cpp.obj)
                              build/src/robot-config.o (vex::distance::~distance())
c:\Users\sahana\AppData\Roaming\Code\User\globalStorage\vexrobotics.vexcode\sdk\cpp\V5\V5_20240802_15_00_00/vexv5\libv5rt.a(vex_controller.cpp.obj)
                              build/src/JAR-Template/drive.o (vex::controller::~controller())
c:\Users\sahana\AppData\Roaming\Code\User\globalStorage\vexrobotics.vexcode\sdk\cpp\V5\V5_20240802_15_00_00/vexv5\libv5rt.a(vex_task.cpp.obj)
                              build/src/JAR-Template/drive.o (vex::task::task())
c:\Users\sahana\AppData\Roaming\Code\User\globalStorage\vexrobotics.vexcode\sdk\cpp\V5\V5_20240802_15_00_00/vexv5\libv5rt.a(vex_thread.cpp.obj)
                              c:\Users\sahana\AppData\Roaming\Code\User\globalStorage\vexrobotics.vexcode\sdk\cpp\V5\V5_20240802_15_00_00/vexv5\libv5rt.a(vex_global.cpp.obj) (vex::this_thread::sleep_for(unsigned long))
c:\Users\sahana\AppData\Roaming\Code\User\globalStorage\vexrobotics.vexcode\sdk\cpp\V5\V5_20240802_15_00_00/vexv5\libv5rt.a(vex_event.cpp.obj)
                              c:\Users\sahana\AppData\Roaming\Code\User\globalStorage\vexrobotics.vexcode\sdk\cpp\V5\V5_20240802_15_00_00/vexv5\libv5rt.a(vex_imu.cpp.obj) (vex::event::init(unsigned long, unsigned long, void (*)()))
c:\Users\sahana\AppData\Roaming\Code\User\globalStorage\vexrobotics.vexcode\sdk\cpp\V5\V5_20240802_15_00_00/vexv5\libv5rt.a(vex_mevent.cpp.obj)
                              c:\Users\sahana\AppData\Roaming\Code\User\globalStorage\vexrobotics.vexcode\sdk\cpp\V5\V5_20240802_15_00_00/vexv5\libv5rt.a(vex_controller.cpp.obj) (vex::mevent::mevent(unsigned long, unsigned long))
c:\Users\sahana\AppData\Roaming\Code\User\globalStorage\vexrobotics.vexcode\sdk\cpp\V5\V5_20240802_15_00_00/vexv5\libv5rt.a(vex_brain.cpp.obj)
                              build/src/robot-config.o (vex::brain::brain())
c:\Users\sahana\AppData\Roaming\Code\User\globalStorage\vexrobotics.vexcode\sdk\cpp\V5\V5_20240802_15_00_00/vexv5\libv5rt.a(vex_competition.cpp.obj)
                              build/src/main.o (vex::competition::competition())
c:\Users\sahana\AppData\Roaming\Code\User\globalStorage\vexrobotics.vexcode\sdk\cpp\V5\V5_20240802_15_00_00/vexv5\libv5rt.a(vex_triport.cpp.obj)
                              build/src/main.o (vex::triport::~triport())
c:\Users\sahana\AppData\Roaming\Code\User\globalStorage\vexrobotics.vexcode\sdk\cpp\V5\V5_20240802_15_00_00/vexv5\libv5rt.a(vex_color.cpp.obj)
[...]
Memory Configuration

Name             Origin             Length             Attributes
ps7_ddr_0_S_AXI_BASEADDR 0x03800000         0x04800000
*default*        0x00000000         0xffffffff

Linker script and memory map

                0x00002000                _STACK_SIZE = DEFINED (_STACK_SIZE)?_STACK_SIZE:0x2000
                0x00100000                _HEAP_SIZE = DEFINED (_HEAP_SIZE)?_HEAP_SIZE:0x100000
                0x00000400                _ABORT_STACK_SIZE = DEFINED (_ABORT_STACK_SIZE)?_ABORT_STACK_SIZE:0x400
                0x00000800                _SUPERVISOR_STACK_SIZE = DEFINED (_SUPERVISOR_STACK_SIZE)?_SUPERVISOR_STACK_SIZE:0x800
                0x00000400                _IRQ_STACK_SIZE = DEFINED (_IRQ_STACK_SIZE)?_IRQ_STACK_SIZE:0x400
                0x00000400                _FIQ_STACK_SIZE = DEFINED (_FIQ_STACK_SIZE)?_FIQ_STACK_SIZE:0x400
                0x00000400                _UNDEF_STACK_SIZE = DEFINED (_UNDEF_STACK_SIZE)?_UNDEF_STACK_SIZE:0x400

.text           0x03800000     0x5db8
 *(.vectors)
 *(.boot_data)
 .boot_data     0x03800000       0x20 c:\Users\sahana\AppData\Roaming\Code\User\globalStorage\vexrobotics.vexcode\sdk\cpp\V5\V5_20240802_15_00_00/vexv5\libv5rt.a(v5_startup.c.obj)
                0x03800000                vexCodeSig
                0x00000020                . = 0x20
 *(.boot)
 .boot          0x03800020       0xbc c:\Users\sahana\AppData\Roaming\Code\User\globalStorage\vexrobotics.vexcode\sdk\cpp\V5\V5_20240802_15_00_00/vexv5\libv5rt.a(v5_startup.c.obj)
                0x03800020                vexStartup
                0x03800100                . = ALIGN (0x40)
 *fill*         0x038000dc       0x24 
 *(.freertos_vectors)
 *(.text)
 *(.text.*)
 .text._ZN3vex11motor_groupC2IJNS_5motorES2_EEERS2_DpRT_
                0x03800100       0x44 build/src/main.o
                0x03800100                vex::motor_group::motor_group<vex::motor, vex::motor>(vex::motor&, vex::motor&, vex::motor&)
 .text._ZN5DriveD2Ev
                0x03800144       0x7c build/src/main.o
                0x03800144                Drive::~Drive()
 .text._Z9pre_autonv
                0x038001c0      0x258 build/src/main.o
                0x038001c0                pre_auton()
 .text._Z10autonomousv
                0x03800418       0x6c build/src/main.o
                0x03800418                autonomous()
 .text._Z11usercontrolv
                0x03800484       0x40 build/src/main.o
                0x03800484                usercontrol()
 *fill*         0x038004c4        0x4 
 .text.main     0x038004c8       0x68 build/src/main.o
                0x038004c8                main
 .text._GLOBAL__sub_I_main.cpp
                0x03800530      0x174 build/src/main.o
 .text._Z17default_constantsv
                0x038006a4      0x10c build/src/autons.o
                0x038006a4                default_constants()
 .text._Z10drive_testv
                0x038007b0       0x80 build/src/autons.o
                0x038007b0                drive_test()
 .text._Z9turn_testv
                0x03800830       0x14 build/src/autons.o
                0x03800830                turn_test()
 .text._Z10swing_testv
                0x03800844       0x30 build/src/autons.o
                0x03800844                swing_test()
 .text._Z9full_testv
                0x03800874       0x70 build/src/autons.o
                0x03800874                full_test()
 .text._Z9odom_testv
                0x038008e4      0x134 build/src/autons.o
                0x038008e4                odom_test()
 .text._Z14tank_odom_testv
                0x03800a18       0xa0 build/src/autons.o
                0x03800a18                tank_odom_test()
 .text._Z19holonomic_odom_testv
                0x03800ab8       0xc0 build/src/autons.o
                0x03800ab8                holonomic_odom_test()
 .text._Z8RedRightv
                0x03800b78      0x1c0 build/src/autons.o
                0x03800b78                RedRight()
 .text._Z11vexcodeInitv
                0x03800d38        0x4 build/src/robot-config.o
                0x03800d38                vexcodeInit()
 .text._GLOBAL__sub_I_robot_config.cpp
                0x03800d3c      0x370 build/src/robot-config.o
 .text._Z15reduce_0_to_360f
                0x038010ac       0x7c build/src/JAR-Template/util.o
                0x038010ac                reduce_0_to_360(float)
 .text._Z26reduce_negative_180_to_180f
                0x03801128       0x90 build/src/JAR-Template/util.o
                0x03801128                reduce_negative_180_to_180(float)
 .text._Z24reduce_negative_90_to_90f
                0x038011b8       0x90 build/src/JAR-Template/util.o
                0x038011b8                reduce_negative_90_to_90(float)
 .text._Z6to_radf
                0x03801248       0x28 build/src/JAR-Template/util.o
                0x03801248                to_rad(float)
 .text._Z6to_degf
                0x03801270       0x28 build/src/JAR-Template/util.o
                0x03801270                to_deg(float)
 .text._Z5clampfff
                0x03801298       0x2c build/src/JAR-Template/util.o
                0x03801298                clamp(float, float, float)
 .text._Z11is_reversedd
                0x038012c4       0x18 build/src/JAR-Template/util.o
                0x038012c4                is_reversed(double)
 *fill*         0x038012dc        0x4 
 .text._Z7to_voltf
                0x038012e0       0x30 build/src/JAR-Template/util.o
                0x038012e0                to_volt(float)
 .text._Z7to_porti
                0x03801310       0x10 build/src/JAR-Template/util.o
                0x03801310                to_port(int)
 .text._Z8deadbandff
                0x03801320       0x28 build/src/JAR-Template/util.o
                0x03801320                deadband(float, float)
 .text._Z15is_line_settledfffff
                0x03801348       0xa8 build/src/JAR-Template/util.o
                0x03801348                is_line_settled(float, float, float, float, float)
 .text._Z20left_voltage_scalingff
                0x038013f0       0x48 build/src/JAR-Template/util.o
                0x038013f0                left_voltage_scaling(float, float)
 .text._Z21right_voltage_scalingff
                0x03801438       0x48 build/src/JAR-Template/util.o
                0x03801438                right_voltage_scaling(float, float)
 .text._Z17clamp_min_voltageff
                0x03801480       0x4c build/src/JAR-Template/util.o
                0x03801480                clamp_min_voltage(float, float)
 .text._ZN4Odom22set_physical_distancesEff
                0x038014cc        0x8 build/src/JAR-Template/odom.o
                0x038014cc                Odom::set_physical_distances(float, float)
 .text._ZN4Odom12set_positionEfffff
                0x038014d4       0x1c build/src/JAR-Template/odom.o
                0x038014d4                Odom::set_position(float, float, float, float, float)
 .text._ZN4Odom15update_positionEfff
                0x038014f0      0x1a4 build/src/JAR-Template/odom.o
                0x038014f0                Odom::update_position(float, float, float)
 *fill*         0x03801694        0x4 
 .text._ZN5DriveC2E11drive_setupN3vex11motor_groupES2_ifffiiiiiffiff
                0x03801698      0x268 build/src/JAR-Template/drive.o
                0x03801698                Drive::Drive(drive_setup, vex::motor_group, vex::motor_group, int, float, float, float, int, int, int, int, int, float, float, int, float, float)
                0x03801698                Drive::Drive(drive_setup, vex::motor_group, vex::motor_group, int, float, float, float, int, int, int, int, int, float, float, int, float, float)
 .text._ZN5Drive18drive_with_voltageEff
                0x03801900       0x6c build/src/JAR-Template/drive.o
                0x03801900                Drive::drive_with_voltage(float, float)
 .text._ZN5Drive18set_turn_constantsEfffff
                0x0380196c       0x1c build/src/JAR-Template/drive.o
                0x0380196c                Drive::set_turn_constants(float, float, float, float, float)
 .text._ZN5Drive19set_drive_constantsEfffff
                0x03801988       0x1c build/src/JAR-Template/drive.o
                0x03801988                Drive::set_drive_constants(float, float, float, float, float)
 .text._ZN5Drive21set_heading_constantsEfffff
                0x038019a4       0x1c build/src/JAR-Template/drive.o
                0x038019a4                Drive::set_heading_constants(float, float, float, float, float)
 .text._ZN5Drive19set_swing_constantsEfffff
                0x038019c0       0x1c build/src/JAR-Template/drive.o
                0x038019c0                Drive::set_swing_constants(float, float, float, float, float)
 .text._ZN5Drive24set_turn_exit_conditionsEfff
                0x038019dc        0xc build/src/JAR-Template/drive.o
                0x038019dc                Drive::set_turn_exit_conditions(float, float, float)
 .text._ZN5Drive25set_drive_exit_conditionsEfff
                0x038019e8        0xc build/src/JAR-Template/drive.o
                0x038019e8                Drive::set_drive_exit_conditions(float, float, float)
 .text._ZN5Drive25set_swing_exit_conditionsEfff
                0x038019f4        0xc build/src/JAR-Template/drive.o
                0x038019f4                Drive::set_swing_exit_conditions(float, float, float)
 .text._ZN5Drive20get_absolute_headingEv
                0x03801a00       0x48 build/src/JAR-Template/drive.o
                0x03801a00                Drive::get_absolute_heading()
 .text._ZN5Drive13turn_to_angleEf
                0x03801a48       0x50 build/src/JAR-Template/drive.o
                0x03801a48                Drive::turn_to_angle(float)
 .text._ZN5Drive13turn_to_angleEfffffffff
                0x03801a98      0x150 build/src/JAR-Template/drive.o
                0x03801a98                Drive::turn_to_angle(float, float, float, float, float, float, float, float, float)
 .text._ZN5Drive14drive_distanceEf
                0x03801be8       0xc8 build/src/JAR-Template/drive.o
                0x03801be8                Drive::drive_distance(float)
 .text._ZN5Drive14drive_distanceEfffffffffffffff
                0x03801cb0      0x2c0 build/src/JAR-Template/drive.o
                0x03801cb0                Drive::drive_distance(float, float, float, float, float, float, float, float, float, float, float, float, float, float, float)
 .text._ZN5Drive19left_swing_to_angleEf
                0x03801f70       0x4c build/src/JAR-Template/drive.o
                0x03801f70                Drive::left_swing_to_angle(float)
 *fill*         0x03801fbc        0x4 
 .text._ZN5Drive19left_swing_to_angleEfffffffff
                0x03801fc0      0x188 build/src/JAR-Template/drive.o
                0x03801fc0                Drive::left_swing_to_angle(float, float, float, float, float, float, float, float, float)
 .text._ZN5Drive20right_swing_to_angleEf
                0x03802148       0x4c build/src/JAR-Template/drive.o
                0x03802148                Drive::right_swing_to_angle(float)
 *fill*         0x03802194        0x4 
 .text._ZN5Drive20right_swing_to_angleEfffffffff
                0x03802198      0x188 build/src/JAR-Template/drive.o
                0x03802198                Drive::right_swing_to_angle(float, float, float, float, float, float, float, float, float)
 .text._ZN5Drive27get_ForwardTracker_positionEv
                0x03802320       0xa0 build/src/JAR-Template/drive.o
                0x03802320                Drive::get_ForwardTracker_position()
 .text._ZN5Drive28get_SidewaysTracker_positionEv
                0x038023c0       0x88 build/src/JAR-Template/drive.o
                0x038023c0                Drive::get_SidewaysTracker_position()
 .text._ZN5Drive14position_trackEv
                0x03802448       0x88 build/src/JAR-Template/drive.o
                0x03802448                Drive::position_track()
 .text._ZN5Drive15set_coordinatesEfff
                0x038024d0       0xb0 build/src/JAR-Template/drive.o
                0x038024d0                Drive::set_coordinates(float, float, float)
 .text._ZN5Drive19position_track_taskEv
                0x03802580       0x14 build/src/JAR-Template/drive.o
                0x03802580                Drive::position_track_task()
 .text._ZN5Drive14get_X_positionEv
                0x03802594        0x8 build/src/JAR-Template/drive.o
                0x03802594                Drive::get_X_position()
 .text._ZN5Drive14get_Y_positionEv
                0x0380259c        0x8 build/src/JAR-Template/drive.o
                0x0380259c                Drive::get_Y_position()
 .text._ZN5Drive14drive_to_pointEff
                0x038025a4       0x80 build/src/JAR-Template/drive.o
                0x038025a4                Drive::drive_to_point(float, float)
 *fill*         0x03802624        0x4 
 .text._ZN5Drive14drive_to_pointEffffffffffffffff
                0x03802628      0x36c build/src/JAR-Template/drive.o
                0x03802628                Drive::drive_to_point(float, float, float, float, float, float, float, float, float, float, float, float, float, float, float, float)
 .text._ZN5Drive13turn_to_pointEff
                0x03802994       0x5c build/src/JAR-Template/drive.o
                0x03802994                Drive::turn_to_point(float, float)
 .text._ZN5Drive13turn_to_pointEfffffffffff
                0x038029f0      0x1d0 build/src/JAR-Template/drive.o
                0x038029f0                Drive::turn_to_point(float, float, float, float, float, float, float, float, float, float, float)
 .text._ZN5Drive23holonomic_drive_to_poseEffffffffffffffff
                0x03802bc0      0x488 build/src/JAR-Template/drive.o
                0x03802bc0                Drive::holonomic_drive_to_pose(float, float, float, float, float, float, float, float, float, float, float, float, float, float, float, float)
 .text._ZN5Drive23holonomic_drive_to_poseEfff
                0x03803048       0x7c build/src/JAR-Template/drive.o
                0x03803048                Drive::holonomic_drive_to_pose(float, float, float)
 .text._ZN5Drive14control_arcadeEv
                0x038030c4      0x114 build/src/JAR-Template/drive.o
                0x038030c4                Drive::control_arcade()
 .text._ZN3PIDC2Efffff
                0x038031d8       0x38 build/src/JAR-Template/PID.o
                0x038031d8                PID::PID(float, float, float, float, float)
                0x038031d8                PID::PID(float, float, float, float, float)
 .text._ZN3PIDC2Effffffff
                0x03803210       0x50 build/src/JAR-Template/PID.o
                0x03803210                PID::PID(float, float, float, float, float, float, float, float)
                0x03803210                PID::PID(float, float, float, float, float, float, float, float)
 .text._ZN3PID7computeEf
                0x03803260       0xd0 build/src/JAR-Template/PID.o
                0x03803260                PID::compute(float)
 .text._ZN3PID10is_settledEv
                0x03803330       0x44 build/src/JAR-Template/PID.o
                0x03803330                PID::is_settled()
 .text.vexMain  0x03803374       0xb0 c:\Users\sahana\AppData\Roaming\Code\User\globalStorage\vexrobotics.vexcode\sdk\cpp\V5\V5_20240802_15_00_00/vexv5\libv5rt.a(v5_startup.c.obj)
                0x03803374                vexMain
 .text.__vex_function_prolog
                0x03803424       0x18 c:\Users\sahana\AppData\Roaming\Code\User\globalStorage\vexrobotics.vexcode\sdk\cpp\V5\V5_20240802_15_00_00/vexv5\libv5rt.a(v5_startup.c.obj)
                0x03803424                __vex_function_prolog
 .text._init    0x0380343c        0x4 c:\Users\sahana\AppData\Roaming\Code\User\globalStorage\vexrobotics.vexcode\sdk\cpp\V5\V5_20240802_15_00_00/vexv5\libv5rt.a(v5_startup.c.obj)
                0x0380343c                _init
 .text._fini    0x03803440        0x4 c:\Users\sahana\AppData\Roaming\Code\User\globalStorage\vexrobotics.vexcode\sdk\cpp\V5\V5_20240802_15_00_00/vexv5\libv5rt.a(v5_startup.c.obj)
                0x03803440                _fini
 .text.vexStdlibVersionLinked
                0x03803444        0xc c:\Users\sahana\AppData\Roaming\Code\User\globalStorage\vexrobotics.vexcode\sdk\cpp\V5\V5_20240802_15_00_00/vexv5\libv5rt.a(v5_util.c.obj)
                0x03803444                vexStdlibVersionLinked
 .text.vexStdlibVersionVerify
                0x03803450       0x30 c:\Users\sahana\AppData\Roaming\Code\User\globalStorage\vexrobotics.vexcode\sdk\cpp\V5\V5_20240802_15_00_00/vexv5\libv5rt.a(v5_util.c.obj)
                0x03803450                vexStdlibVersionVerify
 .text.vexPrivateApiEnable
                0x03803480       0x10 c:\Users\sahana\AppData\Roaming\Code\User\globalStorage\vexrobotics.vexcode\sdk\cpp\V5\V5_20240802_15_00_00/vexv5\libv5rt.a(v5_apijump.c.obj)
                0x03803480                vexPrivateApiEnable
 .text.vexStdlibMismatchError
                0x03803490       0x3c c:\Users\sahana\AppData\Roaming\Code\User\globalStorage\vexrobotics.vexcode\sdk\cpp\V5\V5_20240802_15_00_00/vexv5\libv5rt.a(v5_apijump.c.obj)
                0x03803490                vexStdlibMismatchError
 .text.vexTaskAdd
                0x038034cc       0x10 c:\Users\sahana\AppData\Roaming\Code\User\globalStorage\vexrobotics.vexcode\sdk\cpp\V5\V5_20240802_15_00_00/vexv5\libv5rt.a(v5_apijump.c.obj)
                0x038034cc                vexTaskAdd
 .text.vexTasksRun
                0x038034dc       0x10 c:\Users\sahana\AppData\Roaming\Code\User\globalStorage\vexrobotics.vexcode\sdk\cpp\V5\V5_20240802_15_00_00/vexv5\libv5rt.a(v5_apijump.c.obj)
                0x038034dc                vexTasksRun
 .text.vexTaskYield
                0x038034ec       0x10 c:\Users\sahana\AppData\Roaming\Code\User\globalStorage\vexrobotics.vexcode\sdk\cpp\V5\V5_20240802_15_00_00/vexv5\libv5rt.a(v5_apijump.c.obj)
                0x038034ec                vexTaskYield
 .text.vexTaskCheckTimeslice
                0x038034fc       0x10 c:\Users\sahana\AppData\Roaming\Code\User\globalStorage\vexrobotics.vexcode\sdk\cpp\V5\V5_20240802_15_00_00/vexv5\libv5rt.a(v5_apijump.c.obj)
                0x038034fc                vexTaskCheckTimeslice
 .text.vexTaskGetIndex
                0x0380350c       0x10 c:\Users\sahana\AppData\Roaming\Code\User\globalStorage\vexrobotics.vexcode\sdk\cpp\V5\V5_20240802_15_00_00/vexv5\libv5rt.a(v5_apijump.c.obj)
                0x0380350c                vexTaskGetIndex
 .text.vexTaskSleep
                0x0380351c       0x10 c:\Users\sahana\AppData\Roaming\Code\User\globalStorage\vexrobotics.vexcode\sdk\cpp\V5\V5_20240802_15_00_00/vexv5\libv5rt.a(v5_apijump.c.obj)
                0x0380351c                vexTaskSleep
 .text.vexTasksDump
                0x0380352c       0x1c c:\Users\sahana\AppData\Roaming\Code\User\globalStorage\vexrobotics.vexcode\sdk\cpp\V5\V5_20240802_15_00_00/vexv5\libv5rt.a(v5_apijump.c.obj)
                0x0380352c                vexTasksDump
 .text.vexTaskGetTaskIndex
                0x03803548       0x10 c:\Users\sahana\AppData\Roaming\Code\User\globalStorage\vexrobotics.vexcode\sdk\cpp\V5\V5_20240802_15_00_00/vexv5\libv5rt.a(v5_apijump.c.obj)
                0x03803548                vexTaskGetTaskIndex
 .text.vexTaskStopAll
                0x03803558       0x10 c:\Users\sahana\AppData\Roaming\Code\User\globalStorage\vexrobotics.vexcode\sdk\cpp\V5\V5_20240802_15_00_00/vexv5\libv5rt.a(v5_apijump.c.obj)
                0x03803558                vexTaskStopAll
 .text.vexTaskRemoveAllUser
                0x03803568       0x34 c:\Users\sahana\AppData\Roaming\Code\User\globalStorage\vexrobotics.vexcode\sdk\cpp\V5\V5_20240802_15_00_00/vexv5\libv5rt.a(v5_apijump.c.obj)
                0x03803568                vexTaskRemoveAllUser
 .text.vexTaskCompletionIdSet
                0x0380359c       0x10 c:\Users\sahana\AppData\Roaming\Code\User\globalStorage\vexrobotics.vexcode\sdk\cpp\V5\V5_20240802_15_00_00/vexv5\libv5rt.a(v5_apijump.c.obj)
                0x0380359c                vexTaskCompletionIdSet
 .text.vexTaskStopWithId
                0x038035ac       0x10 c:\Users\sahana\AppData\Roaming\Code\User\globalStorage\vexrobotics.vexcode\sdk\cpp\V5\V5_20240802_15_00_00/vexv5\libv5rt.a(v5_apijump.c.obj)
                0x038035ac                vexTaskStopWithId
 .text.vexTaskGetCallbackAndId
                0x038035bc       0x54 c:\Users\sahana\AppData\Roaming\Code\User\globalStorage\vexrobotics.vexcode\sdk\cpp\V5\V5_20240802_15_00_00/vexv5\libv5rt.a(v5_apijump.c.obj)
                0x038035bc                vexTaskGetCallbackAndId
 .text.vexCriticalSection
                0x03803610       0x2c c:\Users\sahana\AppData\Roaming\Code\User\globalStorage\vexrobotics.vexcode\sdk\cpp\V5\V5_20240802_15_00_00/vexv5\libv5rt.a(v5_apijump.c.obj)
                0x03803610                vexCriticalSection
 .text.vexEventAdd
                0x0380363c       0x34 c:\Users\sahana\AppData\Roaming\Code\User\globalStorage\vexrobotics.vexcode\sdk\cpp\V5\V5_20240802_15_00_00/vexv5\libv5rt.a(v5_apijump.c.obj)
                0x0380363c                vexEventAdd
 .text.vexEventUserIndexGet
                0x03803670       0x1c c:\Users\sahana\AppData\Roaming\Code\User\globalStorage\vexrobotics.vexcode\sdk\cpp\V5\V5_20240802_15_00_00/vexv5\libv5rt.a(v5_apijump.c.obj)
                0x03803670                vexEventUserIndexGet
 .text.vexEventAddWithArg
                0x0380368c       0x3c c:\Users\sahana\AppData\Roaming\Code\User\globalStorage\vexrobotics.vexcode\sdk\cpp\V5\V5_20240802_15_00_00/vexv5\libv5rt.a(v5_apijump.c.obj)
                0x0380368c                vexEventAddWithArg
 .text.vexEventsCleanup
                0x038036c8       0x2c c:\Users\sahana\AppData\Roaming\Code\User\globalStorage\vexrobotics.vexcode\sdk\cpp\V5\V5_20240802_15_00_00/vexv5\libv5rt.a(v5_apijump.c.obj)
                0x038036c8                vexEventsCleanup
 .text.vexDebug
                0x038036f4       0x38 c:\Users\sahana\AppData\Roaming\Code\User\globalStorage\vexrobotics.vexcode\sdk\cpp\V5\V5_20240802_15_00_00/vexv5\libv5rt.a(v5_apijump.c.obj)
                0x038036f4                vexDebug
 .text.vex_sprintf
                0x0380372c       0x40 c:\Users\sahana\AppData\Roaming\Code\User\globalStorage\vexrobotics.vexcode\sdk\cpp\V5\V5_20240802_15_00_00/vexv5\libv5rt.a(v5_apijump.c.obj)
                0x0380372c                vex_sprintf
 .text.vexSystemTimeGet
                0x0380376c       0x1c c:\Users\sahana\AppData\Roaming\Code\User\globalStorage\vexrobotics.vexcode\sdk\cpp\V5\V5_20240802_15_00_00/vexv5\libv5rt.a(v5_apijump.c.obj)
                0x0380376c                vexSystemTimeGet
 .text.vexSystemExitRequest
                0x03803788       0x1c c:\Users\sahana\AppData\Roaming\Code\User\globalStorage\vexrobotics.vexcode\sdk\cpp\V5\V5_20240802_15_00_00/vexv5\libv5rt.a(v5_apijump.c.obj)
                0x03803788                vexSystemExitRequest
 .text.vexDeviceGetByIndex
                0x038037a4       0x24 c:\Users\sahana\AppData\Roaming\Code\User\globalStorage\vexrobotics.vexcode\sdk\cpp\V5\V5_20240802_15_00_00/vexv5\libv5rt.a(v5_apijump.c.obj)
                0x038037a4                vexDeviceGetByIndex
 .text.vexControllerGet
                0x038037c8       0x2c c:\Users\sahana\AppData\Roaming\Code\User\globalStorage\vexrobotics.vexcode\sdk\cpp\V5\V5_20240802_15_00_00/vexv5\libv5rt.a(v5_apijump.c.obj)
                0x038037c8                vexControllerGet
 .text.vexDeviceAdiPortConfigSet
                0x038037f4       0x34 c:\Users\sahana\AppData\Roaming\Code\User\globalStorage\vexrobotics.vexcode\sdk\cpp\V5\V5_20240802_15_00_00/vexv5\libv5rt.a(v5_apijump.c.obj)
                0x038037f4                vexDeviceAdiPortConfigSet
 .text.vexDeviceAdiPortConfigGet
                0x03803828       0x2c c:\Users\sahana\AppData\Roaming\Code\User\globalStorage\vexrobotics.vexcode\sdk\cpp\V5\V5_20240802_15_00_00/vexv5\libv5rt.a(v5_apijump.c.obj)
                0x03803828                vexDeviceAdiPortConfigGet
 .text.vexDeviceAdiValueGet
                0x03803854       0x2c c:\Users\sahana\AppData\Roaming\Code\User\globalStorage\vexrobotics.vexcode\sdk\cpp\V5\V5_20240802_15_00_00/vexv5\libv5rt.a(v5_apijump.c.obj)
                0x03803854                vexDeviceAdiValueGet
 .text.vexDeviceMotorVelocitySet
                0x03803880       0x2c c:\Users\sahana\AppData\Roaming\Code\User\globalStorage\vexrobotics.vexcode\sdk\cpp\V5\V5_20240802_15_00_00/vexv5\libv5rt.a(v5_apijump.c.obj)
                0x03803880                vexDeviceMotorVelocitySet
 .text.vexDeviceMotorVoltageSet
                0x038038ac       0x2c c:\Users\sahana\AppData\Roaming\Code\User\globalStorage\vexrobotics.vexcode\sdk\cpp\V5\V5_20240802_15_00_00/vexv5\libv5rt.a(v5_apijump.c.obj)
                0x038038ac                vexDeviceMotorVoltageSet
 .text.vexDeviceMotorActualVelocityGet
                0x038038d8       0x24 c:\Users\sahana\AppData\Roaming\Code\User\globalStorage\vexrobotics.vexcode\sdk\cpp\V5\V5_20240802_15_00_00/vexv5\libv5rt.a(v5_apijump.c.obj)
                0x038038d8                vexDeviceMotorActualVelocityGet
 .text.vexDeviceMotorReverseFlagSet
                0x038038fc       0x2c c:\Users\sahana\AppData\Roaming\Code\User\globalStorage\vexrobotics.vexcode\sdk\cpp\V5\V5_20240802_15_00_00/vexv5\libv5rt.a(v5_apijump.c.obj)
                0x038038fc                vexDeviceMotorReverseFlagSet
 .text.vexDeviceMotorEncoderUnitsSet
                0x03803928       0x2c c:\Users\sahana\AppData\Roaming\Code\User\globalStorage\vexrobotics.vexcode\sdk\cpp\V5\V5_20240802_15_00_00/vexv5\libv5rt.a(v5_apijump.c.obj)
                0x03803928                vexDeviceMotorEncoderUnitsSet
 .text.vexDeviceMotorBrakeModeSet
                0x03803954       0x2c c:\Users\sahana\AppData\Roaming\Code\User\globalStorage\vexrobotics.vexcode\sdk\cpp\V5\V5_20240802_15_00_00/vexv5\libv5rt.a(v5_apijump.c.obj)
                0x03803954                vexDeviceMotorBrakeModeSet
 .text.vexDeviceMotorPositionSet
                0x03803980       0x34 c:\Users\sahana\AppData\Roaming\Code\User\globalStorage\vexrobotics.vexcode\sdk\cpp\V5\V5_20240802_15_00_00/vexv5\libv5rt.a(v5_apijump.c.obj)
                0x03803980                vexDeviceMotorPositionSet
 .text.vexDeviceMotorPositionGet
                0x038039b4       0x24 c:\Users\sahana\AppData\Roaming\Code\User\globalStorage\vexrobotics.vexcode\sdk\cpp\V5\V5_20240802_15_00_00/vexv5\libv5rt.a(v5_apijump.c.obj)
                0x038039b4                vexDeviceMotorPositionGet
 .text.vexDeviceMotorGearingSet
                0x038039d8       0x2c c:\Users\sahana\AppData\Roaming\Code\User\globalStorage\vexrobotics.vexcode\sdk\cpp\V5\V5_20240802_15_00_00/vexv5\libv5rt.a(v5_apijump.c.obj)
                0x038039d8                vexDeviceMotorGearingSet
 .text.vexDeviceMotorGearingGet
                0x03803a04       0x24 c:\Users\sahana\AppData\Roaming\Code\User\globalStorage\vexrobotics.vexcode\sdk\cpp\V5\V5_20240802_15_00_00/vexv5\libv5rt.a(v5_apijump.c.obj)
                0x03803a04                vexDeviceMotorGearingGet
 .text.vexDeviceImuReset
                0x03803a28       0x24 c:\Users\sahana\AppData\Roaming\Code\User\globalStorage\vexrobotics.vexcode\sdk\cpp\V5\V5_20240802_15_00_00/vexv5\libv5rt.a(v5_apijump.c.obj)
                0x03803a28                vexDeviceImuReset
 .text.vexDeviceImuHeadingGet
                0x03803a4c       0x24 c:\Users\sahana\AppData\Roaming\Code\User\globalStorage\vexrobotics.vexcode\sdk\cpp\V5\V5_20240802_15_00_00/vexv5\libv5rt.a(v5_apijump.c.obj)
                0x03803a4c                vexDeviceImuHeadingGet
 .text.vexDeviceImuDegreesGet
                0x03803a70       0x24 c:\Users\sahana\AppData\Roaming\Code\User\globalStorage\vexrobotics.vexcode\sdk\cpp\V5\V5_20240802_15_00_00/vexv5\libv5rt.a(v5_apijump.c.obj)
                0x03803a70                vexDeviceImuDegreesGet
 .text.vexDeviceImuStatusGet
                0x03803a94       0x24 c:\Users\sahana\AppData\Roaming\Code\User\globalStorage\vexrobotics.vexcode\sdk\cpp\V5\V5_20240802_15_00_00/vexv5\libv5rt.a(v5_apijump.c.obj)
                0x03803a94                vexDeviceImuStatusGet
 .text.vexDeviceAbsEncPositionGet
                0x03803ab8       0x24 c:\Users\sahana\AppData\Roaming\Code\User\globalStorage\vexrobotics.vexcode\sdk\cpp\V5\V5_20240802_15_00_00/vexv5\libv5rt.a(v5_apijump.c.obj)
                0x03803ab8                vexDeviceAbsEncPositionGet
 .text.vexDeviceAbsEncAngleGet
                0x03803adc       0x24 c:\Users\sahana\AppData\Roaming\Code\User\globalStorage\vexrobotics.vexcode\sdk\cpp\V5\V5_20240802_15_00_00/vexv5\libv5rt.a(v5_apijump.c.obj)
                0x03803adc                vexDeviceAbsEncAngleGet
 .text.vexDeviceAbsEncReverseFlagSet
                0x03803b00       0x2c c:\Users\sahana\AppData\Roaming\Code\User\globalStorage\vexrobotics.vexcode\sdk\cpp\V5\V5_20240802_15_00_00/vexv5\libv5rt.a(v5_apijump.c.obj)
                0x03803b00                vexDeviceAbsEncReverseFlagSet
 .text.vexDeviceDistanceDistanceGet
                0x03803b2c       0x24 c:\Users\sahana\AppData\Roaming\Code\User\globalStorage\vexrobotics.vexcode\sdk\cpp\V5\V5_20240802_15_00_00/vexv5\libv5rt.a(v5_apijump.c.obj)
                0x03803b2c                vexDeviceDistanceDistanceGet
 .text.vexDisplayForegroundColor
                0x03803b50       0x24 c:\Users\sahana\AppData\Roaming\Code\User\globalStorage\vexrobotics.vexcode\sdk\cpp\V5\V5_20240802_15_00_00/vexv5\libv5rt.a(v5_apijump.c.obj)
                0x03803b50                vexDisplayForegroundColor
 .text.vexDisplayBackgroundColor
                0x03803b74       0x24 c:\Users\sahana\AppData\Roaming\Code\User\globalStorage\vexrobotics.vexcode\sdk\cpp\V5\V5_20240802_15_00_00/vexv5\libv5rt.a(v5_apijump.c.obj)
                0x03803b74                vexDisplayBackgroundColor
 .text.vexDisplayBackgroundColorGet
                0x03803b98       0x1c c:\Users\sahana\AppData\Roaming\Code\User\globalStorage\vexrobotics.vexcode\sdk\cpp\V5\V5_20240802_15_00_00/vexv5\libv5rt.a(v5_apijump.c.obj)
                0x03803b98                vexDisplayBackgroundColorGet
 .text.vexDisplayRectClear
                0x03803bb4       0x4c c:\Users\sahana\AppData\Roaming\Code\User\globalStorage\vexrobotics.vexcode\sdk\cpp\V5\V5_20240802_15_00_00/vexv5\libv5rt.a(v5_apijump.c.obj)
                0x03803bb4                vexDisplayRectClear
 .text.vexDisplayVPrintf
                0x03803c00       0x50 c:\Users\sahana\AppData\Roaming\Code\User\globalStorage\vexrobotics.vexcode\sdk\cpp\V5\V5_20240802_15_00_00/vexv5\libv5rt.a(v5_apijump.c.obj)
                0x03803c00                vexDisplayVPrintf
 .text.vexDisplayTextReference
                0x03803c50       0x24 c:\Users\sahana\AppData\Roaming\Code\User\globalStorage\vexrobotics.vexcode\sdk\cpp\V5\V5_20240802_15_00_00/vexv5\libv5rt.a(v5_apijump.c.obj)
                0x03803c50                vexDisplayTextReference
 .text.vexDisplayTextSize
                0x03803c74       0x2c c:\Users\sahana\AppData\Roaming\Code\User\globalStorage\vexrobotics.vexcode\sdk\cpp\V5\V5_20240802_15_00_00/vexv5\libv5rt.a(v5_apijump.c.obj)
                0x03803c74                vexDisplayTextSize
 .text.vexDisplayFontNamedSet
                0x03803ca0       0x24 c:\Users\sahana\AppData\Roaming\Code\User\globalStorage\vexrobotics.vexcode\sdk\cpp\V5\V5_20240802_15_00_00/vexv5\libv5rt.a(v5_apijump.c.obj)
                0x03803ca0                vexDisplayFontNamedSet
 .text.vexSystemStdlibImpureDataAddr
                0x03803cc4       0x28 c:\Users\sahana\AppData\Roaming\Code\User\globalStorage\vexrobotics.vexcode\sdk\cpp\V5\V5_20240802_15_00_00/vexv5\libv5rt.a(v5_apijump.c.obj)
                0x03803cc4                vexSystemStdlibImpureDataAddr
 .text.vexSystemStdlibImpureDataSize
                0x03803cec       0x28 c:\Users\sahana\AppData\Roaming\Code\User\globalStorage\vexrobotics.vexcode\sdk\cpp\V5\V5_20240802_15_00_00/vexv5\libv5rt.a(v5_apijump.c.obj)
                0x03803cec                vexSystemStdlibImpureDataSize
 .text.vexSystemSaveUserData
                0x03803d14       0x3c c:\Users\sahana\AppData\Roaming\Code\User\globalStorage\vexrobotics.vexcode\sdk\cpp\V5\V5_20240802_15_00_00/vexv5\libv5rt.a(v5_apijump.c.obj)
                0x03803d14                vexSystemSaveUserData
 .text.vexTouchDataGet
                0x03803d50       0x10 c:\Users\sahana\AppData\Roaming\Code\User\globalStorage\vexrobotics.vexcode\sdk\cpp\V5\V5_20240802_15_00_00/vexv5\libv5rt.a(v5_apijump.c.obj)
                0x03803d50                vexTouchDataGet
 .text.vexDisplayThemeIdGet
                0x03803d60       0x38 c:\Users\sahana\AppData\Roaming\Code\User\globalStorage\vexrobotics.vexcode\sdk\cpp\V5\V5_20240802_15_00_00/vexv5\libv5rt.a(v5_apijump.c.obj)
                0x03803d60                vexDisplayThemeIdGet
 .text.vexBatteryCapacityGet
                0x03803d98       0x1c c:\Users\sahana\AppData\Roaming\Code\User\globalStorage\vexrobotics.vexcode\sdk\cpp\V5\V5_20240802_15_00_00/vexv5\libv5rt.a(v5_apijump.c.obj)
                0x03803d98                vexBatteryCapacityGet
 .text.vexDeviceEventMaskSet
                0x03803db4       0x48 c:\Users\sahana\AppData\Roaming\Code\User\globalStorage\vexrobotics.vexcode\sdk\cpp\V5\V5_20240802_15_00_00/vexv5\libv5rt.a(v5_apijump.c.obj)
                0x03803db4                vexDeviceEventMaskSet
 .text.vexDeviceEventMaskGet
                0x03803dfc       0x3c c:\Users\sahana\AppData\Roaming\Code\User\globalStorage\vexrobotics.vexcode\sdk\cpp\V5\V5_20240802_15_00_00/vexv5\libv5rt.a(v5_apijump.c.obj)
                0x03803dfc                vexDeviceEventMaskGet
 .text.vexSystemVersion
                0x03803e38       0x10 c:\Users\sahana\AppData\Roaming\Code\User\globalStorage\vexrobotics.vexcode\sdk\cpp\V5\V5_20240802_15_00_00/vexv5\libv5rt.a(v5_apiversions.c.obj)
                0x03803e38                vexSystemVersion
 .text.vexStdlibVersion
                0x03803e48       0x10 c:\Users\sahana\AppData\Roaming\Code\User\globalStorage\vexrobotics.vexcode\sdk\cpp\V5\V5_20240802_15_00_00/vexv5\libv5rt.a(v5_apiversions.c.obj)
                0x03803e48                vexStdlibVersion
 .text._ZN3vex4waitEdNS_9timeUnitsE
                0x03803e58       0x30 c:\Users\sahana\AppData\Roaming\Code\User\globalStorage\vexrobotics.vexcode\sdk\cpp\V5\V5_20240802_15_00_00/vexv5\libv5rt.a(vex_global.cpp.obj)
                0x03803e58                vex::wait(double, vex::timeUnits)
 .text._ZN3vex5motorD2Ev
                0x03803e88       0x20 c:\Users\sahana\AppData\Roaming\Code\User\globalStorage\vexrobotics.vexcode\sdk\cpp\V5\V5_20240802_15_00_00/vexv5\libv5rt.a(vex_motor.cpp.obj)
                0x03803e88                vex::motor::~motor()
                0x03803e88                vex::motor::~motor()
 .text._ZN3vex5motorD0Ev
                0x03803ea8       0x1c c:\Users\sahana\AppData\Roaming\Code\User\globalStorage\vexrobotics.vexcode\sdk\cpp\V5\V5_20240802_15_00_00/vexv5\libv5rt.a(vex_motor.cpp.obj)
                0x03803ea8                vex::motor::~motor()
 .text._ZN3vex5motor9installedEv
                0x03803ec4       0x18 c:\Users\sahana\AppData\Roaming\Code\User\globalStorage\vexrobotics.vexcode\sdk\cpp\V5\V5_20240802_15_00_00/vexv5\libv5rt.a(vex_motor.cpp.obj)
                0x03803ec4                vex::motor::installed()
 .text._ZN3vex5motor15defaultStoppingENS_9brakeTypeE
                0x03803edc       0x30 c:\Users\sahana\AppData\Roaming\Code\User\globalStorage\vexrobotics.vexcode\sdk\cpp\V5\V5_20240802_15_00_00/vexv5\libv5rt.a(vex_motor.cpp.obj)
                0x03803edc                vex::motor::defaultStopping(vex::brakeType)
 .text._ZN3vex5motorC2El
                0x03803f0c       0x78 c:\Users\sahana\AppData\Roaming\Code\User\globalStorage\vexrobotics.vexcode\sdk\cpp\V5\V5_20240802_15_00_00/vexv5\libv5rt.a(vex_motor.cpp.obj)
                0x03803f0c                vex::motor::motor(long)
                0x03803f0c                vex::motor::motor(long)
 .text._ZN3vex5motorC2ElNS_11gearSettingEb
                0x03803f84       0x34 c:\Users\sahana\AppData\Roaming\Code\User\globalStorage\vexrobotics.vexcode\sdk\cpp\V5\V5_20240802_15_00_00/vexv5\libv5rt.a(vex_motor.cpp.obj)
                0x03803f84                vex::motor::motor(long, vex::gearSetting, bool)
                0x03803f84                vex::motor::motor(long, vex::gearSetting, bool)
 .text._ZN3vex5motorC2Elb
                0x03803fb8       0x24 c:\Users\sahana\AppData\Roaming\Code\User\globalStorage\vexrobotics.vexcode\sdk\cpp\V5\V5_20240802_15_00_00/vexv5\libv5rt.a(vex_motor.cpp.obj)
                0x03803fb8                vex::motor::motor(long, bool)
                0x03803fb8                vex::motor::motor(long, bool)
 *fill*         0x03803fdc        0x4 
 .text._ZN3vex5motor4spinENS_13directionTypeEdNS_12voltageUnitsE
                0x03803fe0       0x50 c:\Users\sahana\AppData\Roaming\Code\User\globalStorage\vexrobotics.vexcode\sdk\cpp\V5\V5_20240802_15_00_00/vexv5\libv5rt.a(vex_motor.cpp.obj)
                0x03803fe0                vex::motor::spin(vex::directionType, double, vex::voltageUnits)
 .text._ZN3vex5motor4stopENS_9brakeTypeE
                0x03804030       0x30 c:\Users\sahana\AppData\Roaming\Code\User\globalStorage\vexrobotics.vexcode\sdk\cpp\V5\V5_20240802_15_00_00/vexv5\libv5rt.a(vex_motor.cpp.obj)
                0x03804030                vex::motor::stop(vex::brakeType)
 .text._ZN3vex5motor4stopEv
                0x03804060        0x8 c:\Users\sahana\AppData\Roaming\Code\User\globalStorage\vexrobotics.vexcode\sdk\cpp\V5\V5_20240802_15_00_00/vexv5\libv5rt.a(vex_motor.cpp.obj)
                0x03804060                vex::motor::stop()
 .text._ZN3vex5motor16velocityToScaledEdNS_13velocityUnitsE
                0x03804068       0x5c c:\Users\sahana\AppData\Roaming\Code\User\globalStorage\vexrobotics.vexcode\sdk\cpp\V5\V5_20240802_15_00_00/vexv5\libv5rt.a(vex_motor.cpp.obj)
                0x03804068                vex::motor::velocityToScaled(double, vex::velocityUnits)
 .text._ZN3vex5motor8velocityENS_13velocityUnitsE
                0x038040c4       0x30 c:\Users\sahana\AppData\Roaming\Code\User\globalStorage\vexrobotics.vexcode\sdk\cpp\V5\V5_20240802_15_00_00/vexv5\libv5rt.a(vex_motor.cpp.obj)
                0x038040c4                vex::motor::velocity(vex::velocityUnits)
 .text._ZN3vex5motor5valueEv
                0x038040f4       0x1c c:\Users\sahana\AppData\Roaming\Code\User\globalStorage\vexrobotics.vexcode\sdk\cpp\V5\V5_20240802_15_00_00/vexv5\libv5rt.a(vex_motor.cpp.obj)
                0x038040f4                vex::motor::value()
 .text._ZN3vex5motor16setRotationUnitsENS_13rotationUnitsE
                0x03804110       0x1c c:\Users\sahana\AppData\Roaming\Code\User\globalStorage\vexrobotics.vexcode\sdk\cpp\V5\V5_20240802_15_00_00/vexv5\libv5rt.a(vex_motor.cpp.obj)
                0x03804110                vex::motor::setRotationUnits(vex::rotationUnits)
 .text._ZN3vex5motor8positionENS_13rotationUnitsE
                0x0380412c       0x44 c:\Users\sahana\AppData\Roaming\Code\User\globalStorage\vexrobotics.vexcode\sdk\cpp\V5\V5_20240802_15_00_00/vexv5\libv5rt.a(vex_motor.cpp.obj)
                0x0380412c                vex::motor::position(vex::rotationUnits)
 .text._ZN3vex8inertial11getTurnTypeEv
                0x03804170        0x8 c:\Users\sahana\AppData\Roaming\Code\User\globalStorage\vexrobotics.vexcode\sdk\cpp\V5\V5_20240802_15_00_00/vexv5\libv5rt.a(vex_imu.cpp.obj)
                0x03804170                vex::inertial::getTurnType()
 .text._ZThn16_N3vex8inertial11getTurnTypeEv
                0x03804178        0x8 c:\Users\sahana\AppData\Roaming\Code\User\globalStorage\vexrobotics.vexcode\sdk\cpp\V5\V5_20240802_15_00_00/vexv5\libv5rt.a(vex_imu.cpp.obj)
                0x03804178                non-virtual thunk to vex::inertial::getTurnType()
 .text._ZN3vex8inertial10setHeadingEdNS_13rotationUnitsE
                0x03804180       0x58 c:\Users\sahana\AppData\Roaming\Code\User\globalStorage\vexrobotics.vexcode\sdk\cpp\V5\V5_20240802_15_00_00/vexv5\libv5rt.a(vex_imu.cpp.obj)
                0x03804180                vex::inertial::setHeading(double, vex::rotationUnits)
 .text._ZThn16_N3vex8inertial10setHeadingEdNS_13rotationUnitsE
                0x038041d8        0x8 c:\Users\sahana\AppData\Roaming\Code\User\globalStorage\vexrobotics.vexcode\sdk\cpp\V5\V5_20240802_15_00_00/vexv5\libv5rt.a(vex_imu.cpp.obj)
                0x038041d8                non-virtual thunk to vex::inertial::setHeading(double, vex::rotationUnits)
 .text._ZN3vex8inertial11setRotationEdNS_13rotationUnitsE
                0x038041e0       0x58 c:\Users\sahana\AppData\Roaming\Code\User\globalStorage\vexrobotics.vexcode\sdk\cpp\V5\V5_20240802_15_00_00/vexv5\libv5rt.a(vex_imu.cpp.obj)
                0x038041e0                vex::inertial::setRotation(double, vex::rotationUnits)
 .text._ZThn16_N3vex8inertial11setRotationEdNS_13rotationUnitsE
                0x03804238        0x8 c:\Users\sahana\AppData\Roaming\Code\User\globalStorage\vexrobotics.vexcode\sdk\cpp\V5\V5_20240802_15_00_00/vexv5\libv5rt.a(vex_imu.cpp.obj)
                0x03804238                non-virtual thunk to vex::inertial::setRotation(double, vex::rotationUnits)
 .text._ZN3vex8inertialD2Ev
                0x03804240       0x20 c:\Users\sahana\AppData\Roaming\Code\User\globalStorage\vexrobotics.vexcode\sdk\cpp\V5\V5_20240802_15_00_00/vexv5\libv5rt.a(vex_imu.cpp.obj)
                0x03804240                vex::inertial::~inertial()
                0x03804240                vex::inertial::~inertial()
 .text._ZThn16_N3vex8inertialD1Ev
                0x03804260        0x8 c:\Users\sahana\AppData\Roaming\Code\User\globalStorage\vexrobotics.vexcode\sdk\cpp\V5\V5_20240802_15_00_00/vexv5\libv5rt.a(vex_imu.cpp.obj)
                0x03804260                non-virtual thunk to vex::inertial::~inertial()
 .text._ZN3vex8inertialD0Ev
                0x03804268       0x1c c:\Users\sahana\AppData\Roaming\Code\User\globalStorage\vexrobotics.vexcode\sdk\cpp\V5\V5_20240802_15_00_00/vexv5\libv5rt.a(vex_imu.cpp.obj)
                0x03804268                vex::inertial::~inertial()
 .text._ZThn16_N3vex8inertialD0Ev
                0x03804284        0x8 c:\Users\sahana\AppData\Roaming\Code\User\globalStorage\vexrobotics.vexcode\sdk\cpp\V5\V5_20240802_15_00_00/vexv5\libv5rt.a(vex_imu.cpp.obj)
                0x03804284                non-virtual thunk to vex::inertial::~inertial()
 .text._ZN3vex8inertial9installedEv
                0x0380428c       0x18 c:\Users\sahana\AppData\Roaming\Code\User\globalStorage\vexrobotics.vexcode\sdk\cpp\V5\V5_20240802_15_00_00/vexv5\libv5rt.a(vex_imu.cpp.obj)
                0x0380428c                vex::inertial::installed()
 .text._ZN3vex8inertial5angleENS_13rotationUnitsE
                0x038042a4       0x6c c:\Users\sahana\AppData\Roaming\Code\User\globalStorage\vexrobotics.vexcode\sdk\cpp\V5\V5_20240802_15_00_00/vexv5\libv5rt.a(vex_imu.cpp.obj)
                0x038042a4                vex::inertial::angle(vex::rotationUnits)
 .text._ZThn16_N3vex8inertial5angleENS_13rotationUnitsE
                0x03804310        0x8 c:\Users\sahana\AppData\Roaming\Code\User\globalStorage\vexrobotics.vexcode\sdk\cpp\V5\V5_20240802_15_00_00/vexv5\libv5rt.a(vex_imu.cpp.obj)
                0x03804310                non-virtual thunk to vex::inertial::angle(vex::rotationUnits)
 .text._ZN3vex8inertial7headingENS_13rotationUnitsE
                0x03804318        0x4 c:\Users\sahana\AppData\Roaming\Code\User\globalStorage\vexrobotics.vexcode\sdk\cpp\V5\V5_20240802_15_00_00/vexv5\libv5rt.a(vex_imu.cpp.obj)
                0x03804318                vex::inertial::heading(vex::rotationUnits)
 .text._ZThn16_N3vex8inertial7headingENS_13rotationUnitsE
                0x0380431c        0x8 c:\Users\sahana\AppData\Roaming\Code\User\globalStorage\vexrobotics.vexcode\sdk\cpp\V5\V5_20240802_15_00_00/vexv5\libv5rt.a(vex_imu.cpp.obj)
                0x0380431c                non-virtual thunk to vex::inertial::heading(vex::rotationUnits)
 .text._ZN3vex8inertial5valueEv
                0x03804324       0x1c c:\Users\sahana\AppData\Roaming\Code\User\globalStorage\vexrobotics.vexcode\sdk\cpp\V5\V5_20240802_15_00_00/vexv5\libv5rt.a(vex_imu.cpp.obj)
                0x03804324                vex::inertial::value()
 .text._ZN3vex8inertial8rotationENS_13rotationUnitsE
                0x03804340       0x48 c:\Users\sahana\AppData\Roaming\Code\User\globalStorage\vexrobotics.vexcode\sdk\cpp\V5\V5_20240802_15_00_00/vexv5\libv5rt.a(vex_imu.cpp.obj)
                0x03804340                vex::inertial::rotation(vex::rotationUnits)
 .text._ZThn16_N3vex8inertial8rotationENS_13rotationUnitsE
                0x03804388        0x8 c:\Users\sahana\AppData\Roaming\Code\User\globalStorage\vexrobotics.vexcode\sdk\cpp\V5\V5_20240802_15_00_00/vexv5\libv5rt.a(vex_imu.cpp.obj)
                0x03804388                non-virtual thunk to vex::inertial::rotation(vex::rotationUnits)
 .text._ZN3vex8inertial13isCalibratingEv
                0x03804390       0x38 c:\Users\sahana\AppData\Roaming\Code\User\globalStorage\vexrobotics.vexcode\sdk\cpp\V5\V5_20240802_15_00_00/vexv5\libv5rt.a(vex_imu.cpp.obj)
                0x03804390                vex::inertial::isCalibrating()
 .text._ZThn16_N3vex8inertial13isCalibratingEv
                0x038043c8        0x8 c:\Users\sahana\AppData\Roaming\Code\User\globalStorage\vexrobotics.vexcode\sdk\cpp\V5\V5_20240802_15_00_00/vexv5\libv5rt.a(vex_imu.cpp.obj)
                0x038043c8                non-virtual thunk to vex::inertial::isCalibrating()
 .text._ZN3vex8inertialC2ElNS_8turnTypeE
                0x038043d0       0x4c c:\Users\sahana\AppData\Roaming\Code\User\globalStorage\vexrobotics.vexcode\sdk\cpp\V5\V5_20240802_15_00_00/vexv5\libv5rt.a(vex_imu.cpp.obj)
                0x038043d0                vex::inertial::inertial(long, vex::turnType)
                0x038043d0                vex::inertial::inertial(long, vex::turnType)
 .text._ZN3vex8inertial16startCalibrationEl
                0x0380441c       0x20 c:\Users\sahana\AppData\Roaming\Code\User\globalStorage\vexrobotics.vexcode\sdk\cpp\V5\V5_20240802_15_00_00/vexv5\libv5rt.a(vex_imu.cpp.obj)
                0x0380441c                vex::inertial::startCalibration(long)
 .text._ZN3vex8inertial9calibrateEl
                0x0380443c        0xc c:\Users\sahana\AppData\Roaming\Code\User\globalStorage\vexrobotics.vexcode\sdk\cpp\V5\V5_20240802_15_00_00/vexv5\libv5rt.a(vex_imu.cpp.obj)
                0x0380443c                vex::inertial::calibrate(long)
                0x03804440                non-virtual thunk to vex::inertial::calibrate(long)
 .text._ZN3vex8rotationD2Ev
                0x03804448       0x20 c:\Users\sahana\AppData\Roaming\Code\User\globalStorage\vexrobotics.vexcode\sdk\cpp\V5\V5_20240802_15_00_00/vexv5\libv5rt.a(vex_rotation.cpp.obj)
                0x03804448                vex::rotation::~rotation()
                0x03804448                vex::rotation::~rotation()
 .text._ZN3vex8rotationD0Ev
                0x03804468       0x1c c:\Users\sahana\AppData\Roaming\Code\User\globalStorage\vexrobotics.vexcode\sdk\cpp\V5\V5_20240802_15_00_00/vexv5\libv5rt.a(vex_rotation.cpp.obj)
                0x03804468                vex::rotation::~rotation()
 .text._ZN3vex8rotation9installedEv
                0x03804484       0x18 c:\Users\sahana\AppData\Roaming\Code\User\globalStorage\vexrobotics.vexcode\sdk\cpp\V5\V5_20240802_15_00_00/vexv5\libv5rt.a(vex_rotation.cpp.obj)
                0x03804484                vex::rotation::installed()
 .text._ZN3vex8rotation5valueEv
                0x0380449c        0x8 c:\Users\sahana\AppData\Roaming\Code\User\globalStorage\vexrobotics.vexcode\sdk\cpp\V5\V5_20240802_15_00_00/vexv5\libv5rt.a(vex_rotation.cpp.obj)
                0x0380449c                vex::rotation::value()
 .text._ZN3vex8rotationC2Elb
                0x038044a4       0x30 c:\Users\sahana\AppData\Roaming\Code\User\globalStorage\vexrobotics.vexcode\sdk\cpp\V5\V5_20240802_15_00_00/vexv5\libv5rt.a(vex_rotation.cpp.obj)
                0x038044a4                vex::rotation::rotation(long, bool)
                0x038044a4                vex::rotation::rotation(long, bool)
 *fill*         0x038044d4        0x4 
 .text._ZN3vex8rotation8positionENS_13rotationUnitsE
                0x038044d8       0x50 c:\Users\sahana\AppData\Roaming\Code\User\globalStorage\vexrobotics.vexcode\sdk\cpp\V5\V5_20240802_15_00_00/vexv5\libv5rt.a(vex_rotation.cpp.obj)
                0x038044d8                vex::rotation::position(vex::rotationUnits)
 .text._ZN3vex8distanceD2Ev
                0x03804528       0x20 c:\Users\sahana\AppData\Roaming\Code\User\globalStorage\vexrobotics.vexcode\sdk\cpp\V5\V5_20240802_15_00_00/vexv5\libv5rt.a(vex_distance.cpp.obj)
                0x03804528                vex::distance::~distance()
                0x03804528                vex::distance::~distance()
 .text._ZN3vex8distanceD0Ev
                0x03804548       0x1c c:\Users\sahana\AppData\Roaming\Code\User\globalStorage\vexrobotics.vexcode\sdk\cpp\V5\V5_20240802_15_00_00/vexv5\libv5rt.a(vex_distance.cpp.obj)
                0x03804548                vex::distance::~distance()
 .text._ZN3vex8distance9installedEv
                0x03804564       0x18 c:\Users\sahana\AppData\Roaming\Code\User\globalStorage\vexrobotics.vexcode\sdk\cpp\V5\V5_20240802_15_00_00/vexv5\libv5rt.a(vex_distance.cpp.obj)
                0x03804564                vex::distance::installed()
 .text._ZN3vex8distance5valueEv
                0x0380457c        0x8 c:\Users\sahana\AppData\Roaming\Code\User\globalStorage\vexrobotics.vexcode\sdk\cpp\V5\V5_20240802_15_00_00/vexv5\libv5rt.a(vex_distance.cpp.obj)
                0x0380457c                vex::distance::value()
 .text._ZN3vex8distanceC2El
                0x03804584       0x20 c:\Users\sahana\AppData\Roaming\Code\User\globalStorage\vexrobotics.vexcode\sdk\cpp\V5\V5_20240802_15_00_00/vexv5\libv5rt.a(vex_distance.cpp.obj)
                0x03804584                vex::distance::distance(long)
                0x03804584                vex::distance::distance(long)
 .text._ZN3vex10controllerD2Ev
                0x038045a4        0x4 c:\Users\sahana\AppData\Roaming\Code\User\globalStorage\vexrobotics.vexcode\sdk\cpp\V5\V5_20240802_15_00_00/vexv5\libv5rt.a(vex_controller.cpp.obj)
                0x038045a4                vex::controller::~controller()
                0x038045a4                vex::controller::~controller()
 .text._ZN3vex10controller5valueE19_V5_ControllerIndex
                0x038045a8        0x8 c:\Users\sahana\AppData\Roaming\Code\User\globalStorage\vexrobotics.vexcode\sdk\cpp\V5\V5_20240802_15_00_00/vexv5\libv5rt.a(vex_controller.cpp.obj)
                0x038045a8                vex::controller::value(_V5_ControllerIndex)
 .text._ZNK3vex10controller6button21_buttonToPressedEventEv
                0x038045b0       0x20 c:\Users\sahana\AppData\Roaming\Code\User\globalStorage\vexrobotics.vexcode\sdk\cpp\V5\V5_20240802_15_00_00/vexv5\libv5rt.a(vex_controller.cpp.obj)
                0x038045b0                vex::controller::button::_buttonToPressedEvent() const
 .text._ZNK3vex10controller6button22_buttonToReleasedEventEv
                0x038045d0       0x20 c:\Users\sahana\AppData\Roaming\Code\User\globalStorage\vexrobotics.vexcode\sdk\cpp\V5\V5_20240802_15_00_00/vexv5\libv5rt.a(vex_controller.cpp.obj)
                0x038045d0                vex::controller::button::_buttonToReleasedEvent() const
 .text._ZN3vex10controller6buttonC2ENS0_11tButtonTypeEPS0_
                0x038045f0       0x48 c:\Users\sahana\AppData\Roaming\Code\User\globalStorage\vexrobotics.vexcode\sdk\cpp\V5\V5_20240802_15_00_00/vexv5\libv5rt.a(vex_controller.cpp.obj)
                0x038045f0                vex::controller::button::button(vex::controller::tButtonType, vex::controller*)
                0x038045f0                vex::controller::button::button(vex::controller::tButtonType, vex::controller*)
 .text._ZNK3vex10controller4axis5valueEv
                0x03804638       0x58 c:\Users\sahana\AppData\Roaming\Code\User\globalStorage\vexrobotics.vexcode\sdk\cpp\V5\V5_20240802_15_00_00/vexv5\libv5rt.a(vex_controller.cpp.obj)
                0x03804638                vex::controller::axis::value() const
 .text._ZNK3vex10controller4axis23_joystickToChangedEventEv
                0x03804690       0x20 c:\Users\sahana\AppData\Roaming\Code\User\globalStorage\vexrobotics.vexcode\sdk\cpp\V5\V5_20240802_15_00_00/vexv5\libv5rt.a(vex_controller.cpp.obj)
                0x03804690                vex::controller::axis::_joystickToChangedEvent() const
 .text._ZN3vex10controller4axisC2ENS0_9tAxisTypeEPS0_
                0x038046b0       0x2c c:\Users\sahana\AppData\Roaming\Code\User\globalStorage\vexrobotics.vexcode\sdk\cpp\V5\V5_20240802_15_00_00/vexv5\libv5rt.a(vex_controller.cpp.obj)
                0x038046b0                vex::controller::axis::axis(vex::controller::tAxisType, vex::controller*)
                0x038046b0                vex::controller::axis::axis(vex::controller::tAxisType, vex::controller*)
 .text._ZN3vex10controllerC2ENS_14controllerTypeE
                0x038046dc      0x16c c:\Users\sahana\AppData\Roaming\Code\User\globalStorage\vexrobotics.vexcode\sdk\cpp\V5\V5_20240802_15_00_00/vexv5\libv5rt.a(vex_controller.cpp.obj)
                0x038046dc                vex::controller::controller(vex::controllerType)
                0x038046dc                vex::controller::controller(vex::controllerType)
 .text._ZN3vex4taskC2Ev
                0x03804848       0x28 c:\Users\sahana\AppData\Roaming\Code\User\globalStorage\vexrobotics.vexcode\sdk\cpp\V5\V5_20240802_15_00_00/vexv5\libv5rt.a(vex_task.cpp.obj)
                0x03804848                vex::task::task()
                0x03804848                vex::task::task()
 .text._ZN3vex4taskC2EPFivE
                0x03804870       0x5c c:\Users\sahana\AppData\Roaming\Code\User\globalStorage\vexrobotics.vexcode\sdk\cpp\V5\V5_20240802_15_00_00/vexv5\libv5rt.a(vex_task.cpp.obj)
                0x03804870                vex::task::task(int (*)())
                0x03804870                vex::task::task(int (*)())
 .text._ZN3vex4taskD2Ev
                0x038048cc        0x4 c:\Users\sahana\AppData\Roaming\Code\User\globalStorage\vexrobotics.vexcode\sdk\cpp\V5\V5_20240802_15_00_00/vexv5\libv5rt.a(vex_task.cpp.obj)
                0x038048cc                vex::task::~task()
                0x038048cc                vex::task::~task()
 .text._ZN3vex4task4stopEPvi
                0x038048d0       0x1c c:\Users\sahana\AppData\Roaming\Code\User\globalStorage\vexrobotics.vexcode\sdk\cpp\V5\V5_20240802_15_00_00/vexv5\libv5rt.a(vex_task.cpp.obj)
                0x038048d0                vex::task::stop(void*, int)
 .text._ZN3vex4task5sleepEm
                0x038048ec        0x4 c:\Users\sahana\AppData\Roaming\Code\User\globalStorage\vexrobotics.vexcode\sdk\cpp\V5\V5_20240802_15_00_00/vexv5\libv5rt.a(vex_task.cpp.obj)
                0x038048ec                vex::task::sleep(unsigned long)
 .text._ZN3vex4task6_indexEPFivE
                0x038048f0       0x14 c:\Users\sahana\AppData\Roaming\Code\User\globalStorage\vexrobotics.vexcode\sdk\cpp\V5\V5_20240802_15_00_00/vexv5\libv5rt.a(vex_task.cpp.obj)
                0x038048f0                vex::task::_index(int (*)())
 .text._ZN3vex4task8_stopAllEv
                0x03804904       0x3c c:\Users\sahana\AppData\Roaming\Code\User\globalStorage\vexrobotics.vexcode\sdk\cpp\V5\V5_20240802_15_00_00/vexv5\libv5rt.a(vex_task.cpp.obj)
                0x03804904                vex::task::_stopAll()
 .text._ZN3vex11this_thread9sleep_forEm
                0x03804940        0x4 c:\Users\sahana\AppData\Roaming\Code\User\globalStorage\vexrobotics.vexcode\sdk\cpp\V5\V5_20240802_15_00_00/vexv5\libv5rt.a(vex_thread.cpp.obj)
                0x03804940                vex::this_thread::sleep_for(unsigned long)
 .text._ZN3vex5event4initEmmPFvvE
                0x03804944        0x4 c:\Users\sahana\AppData\Roaming\Code\User\globalStorage\vexrobotics.vexcode\sdk\cpp\V5\V5_20240802_15_00_00/vexv5\libv5rt.a(vex_event.cpp.obj)
                0x03804944                vex::event::init(unsigned long, unsigned long, void (*)())
 .text._ZN3vex5event4initEmmPFvPvES1_
                0x03804948        0x4 c:\Users\sahana\AppData\Roaming\Code\User\globalStorage\vexrobotics.vexcode\sdk\cpp\V5\V5_20240802_15_00_00/vexv5\libv5rt.a(vex_event.cpp.obj)
                0x03804948                vex::event::init(unsigned long, unsigned long, void (*)(void*), void*)
 .text._ZN3vex5event9userindexEv
                0x0380494c        0x4 c:\Users\sahana\AppData\Roaming\Code\User\globalStorage\vexrobotics.vexcode\sdk\cpp\V5\V5_20240802_15_00_00/vexv5\libv5rt.a(vex_event.cpp.obj)
                0x0380494c                vex::event::userindex()
 .text._ZZN3vex6meventC4EmmENUlvE_4_FUNEv
                0x03804950        0x4 c:\Users\sahana\AppData\Roaming\Code\User\globalStorage\vexrobotics.vexcode\sdk\cpp\V5\V5_20240802_15_00_00/vexv5\libv5rt.a(vex_mevent.cpp.obj)
 .text._ZN3vex6meventC2Emm
                0x03804954       0x70 c:\Users\sahana\AppData\Roaming\Code\User\globalStorage\vexrobotics.vexcode\sdk\cpp\V5\V5_20240802_15_00_00/vexv5\libv5rt.a(vex_mevent.cpp.obj)
                0x03804954                vex::mevent::mevent(unsigned long, unsigned long)
                0x03804954                vex::mevent::mevent(unsigned long, unsigned long)
 .text._ZN3vex5brain9_getIndexEv
                0x038049c4       0x10 c:\Users\sahana\AppData\Roaming\Code\User\globalStorage\vexrobotics.vexcode\sdk\cpp\V5\V5_20240802_15_00_00/vexv5\libv5rt.a(vex_brain.cpp.obj)
                0x038049c4                vex::brain::_getIndex()
 .text._ZN3vex5brain3lcd9setCursorEll
                0x038049d4       0x44 c:\Users\sahana\AppData\Roaming\Code\User\globalStorage\vexrobotics.vexcode\sdk\cpp\V5\V5_20240802_15_00_00/vexv5\libv5rt.a(vex_brain.cpp.obj)
                0x038049d4                vex::brain::lcd::setCursor(long, long)
 .text._ZN3vex5brain3lcd7setFontENS_8fontTypeE
                0x03804a18      0x23c c:\Users\sahana\AppData\Roaming\Code\User\globalStorage\vexrobotics.vexcode\sdk\cpp\V5\V5_20240802_15_00_00/vexv5\libv5rt.a(vex_brain.cpp.obj)
                0x03804a18                vex::brain::lcd::setFont(vex::fontType)
 .text._ZN3vex5brain3lcdC2Ev
                0x03804c54       0x94 c:\Users\sahana\AppData\Roaming\Code\User\globalStorage\vexrobotics.vexcode\sdk\cpp\V5\V5_20240802_15_00_00/vexv5\libv5rt.a(vex_brain.cpp.obj)
                0x03804c54                vex::brain::lcd::lcd()
                0x03804c54                vex::brain::lcd::lcd()
 .text._ZN3vex5brainC2Ev
                0x03804ce8       0x3c c:\Users\sahana\AppData\Roaming\Code\User\globalStorage\vexrobotics.vexcode\sdk\cpp\V5\V5_20240802_15_00_00/vexv5\libv5rt.a(vex_brain.cpp.obj)
                0x03804ce8                vex::brain::brain()
                0x03804ce8                vex::brain::brain()
 .text._ZN3vex5brain3lcd7printAtEllPKcz
                0x03804d24       0x54 c:\Users\sahana\AppData\Roaming\Code\User\globalStorage\vexrobotics.vexcode\sdk\cpp\V5\V5_20240802_15_00_00/vexv5\libv5rt.a(vex_brain.cpp.obj)
                0x03804d24                vex::brain::lcd::printAt(long, long, char const*, ...)
 .text._ZN3vex5brain3lcd12_clearScreenEm
                0x03804d78       0x38 c:\Users\sahana\AppData\Roaming\Code\User\globalStorage\vexrobotics.vexcode\sdk\cpp\V5\V5_20240802_15_00_00/vexv5\libv5rt.a(vex_brain.cpp.obj)
                0x03804d78                vex::brain::lcd::_clearScreen(unsigned long)
 .text._ZN3vex5brain3lcd11clearScreenERKNS_5colorE
                0x03804db0       0x20 c:\Users\sahana\AppData\Roaming\Code\User\globalStorage\vexrobotics.vexcode\sdk\cpp\V5\V5_20240802_15_00_00/vexv5\libv5rt.a(vex_brain.cpp.obj)
                0x03804db0                vex::brain::lcd::clearScreen(vex::color const&)
 .text._ZN3vex5brain3lcd11clearScreenEv
                0x03804dd0       0x2c c:\Users\sahana\AppData\Roaming\Code\User\globalStorage\vexrobotics.vexcode\sdk\cpp\V5\V5_20240802_15_00_00/vexv5\libv5rt.a(vex_brain.cpp.obj)
                0x03804dd0                vex::brain::lcd::clearScreen()
 .text._ZN3vex5brain3lcd8pressingEv
                0x03804dfc       0x20 c:\Users\sahana\AppData\Roaming\Code\User\globalStorage\vexrobotics.vexcode\sdk\cpp\V5\V5_20240802_15_00_00/vexv5\libv5rt.a(vex_brain.cpp.obj)
                0x03804dfc                vex::brain::lcd::pressing()
 .text._ZN3vex5brain7battery8capacityENS_12percentUnitsE
                0x03804e1c       0x18 c:\Users\sahana\AppData\Roaming\Code\User\globalStorage\vexrobotics.vexcode\sdk\cpp\V5\V5_20240802_15_00_00/vexv5\libv5rt.a(vex_brain.cpp.obj)
                0x03804e1c                vex::brain::battery::capacity(vex::percentUnits)
 .text._ZN3vex5brainD2Ev
                0x03804e34       0x20 c:\Users\sahana\AppData\Roaming\Code\User\globalStorage\vexrobotics.vexcode\sdk\cpp\V5\V5_20240802_15_00_00/vexv5\libv5rt.a(vex_brain.cpp.obj)
                0x03804e34                vex::brain::~brain()
                0x03804e34                vex::brain::~brain()
 .text._ZN3vex11competition8_disableEPv
                0x03804e54       0xa4 c:\Users\sahana\AppData\Roaming\Code\User\globalStorage\vexrobotics.vexcode\sdk\cpp\V5\V5_20240802_15_00_00/vexv5\libv5rt.a(vex_competition.cpp.obj)
                0x03804e54                vex::competition::_disable(void*)
 .text._ZN3vex11competition11_autonomousEv
                0x03804ef8       0x80 c:\Users\sahana\AppData\Roaming\Code\User\globalStorage\vexrobotics.vexcode\sdk\cpp\V5\V5_20240802_15_00_00/vexv5\libv5rt.a(vex_competition.cpp.obj)
                0x03804ef8                vex::competition::_autonomous()
 .text._ZN3vex11competition14_drivercontrolEv
                0x03804f78       0x80 c:\Users\sahana\AppData\Roaming\Code\User\globalStorage\vexrobotics.vexcode\sdk\cpp\V5\V5_20240802_15_00_00/vexv5\libv5rt.a(vex_competition.cpp.obj)
                0x03804f78                vex::competition::_drivercontrol()
 .text._ZN3vex11competitionC2Ev
                0x03804ff8      0x13c c:\Users\sahana\AppData\Roaming\Code\User\globalStorage\vexrobotics.vexcode\sdk\cpp\V5\V5_20240802_15_00_00/vexv5\libv5rt.a(vex_competition.cpp.obj)
                0x03804ff8                vex::competition::competition()
                0x03804ff8                vex::competition::competition()
 .text._ZN3vex11competitionD2Ev
                0x03805134        0x4 c:\Users\sahana\AppData\Roaming\Code\User\globalStorage\vexrobotics.vexcode\sdk\cpp\V5\V5_20240802_15_00_00/vexv5\libv5rt.a(vex_competition.cpp.obj)
                0x03805134                vex::competition::~competition()
                0x03805134                vex::competition::~competition()
 .text._ZN3vex11competition10autonomousEPFvvE
                0x03805138       0x44 c:\Users\sahana\AppData\Roaming\Code\User\globalStorage\vexrobotics.vexcode\sdk\cpp\V5\V5_20240802_15_00_00/vexv5\libv5rt.a(vex_competition.cpp.obj)
                0x03805138                vex::competition::autonomous(void (*)())
 .text._ZN3vex11competition13drivercontrolEPFvvE
                0x0380517c       0x44 c:\Users\sahana\AppData\Roaming\Code\User\globalStorage\vexrobotics.vexcode\sdk\cpp\V5\V5_20240802_15_00_00/vexv5\libv5rt.a(vex_competition.cpp.obj)
                0x0380517c                vex::competition::drivercontrol(void (*)())
 .text._ZN3vex7triportD2Ev
                0x038051c0       0x38 c:\Users\sahana\AppData\Roaming\Code\User\globalStorage\vexrobotics.vexcode\sdk\cpp\V5\V5_20240802_15_00_00/vexv5\libv5rt.a(vex_triport.cpp.obj)
                0x038051c0                vex::triport::~triport()
                0x038051c0                vex::triport::~triport()
 .text._ZN3vex7triportD0Ev
                0x038051f8       0x1c c:\Users\sahana\AppData\Roaming\Code\User\globalStorage\vexrobotics.vexcode\sdk\cpp\V5\V5_20240802_15_00_00/vexv5\libv5rt.a(vex_triport.cpp.obj)
                0x038051f8                vex::triport::~triport()
 .text._ZN3vex7triport9installedEv
                0x03805214       0x18 c:\Users\sahana\AppData\Roaming\Code\User\globalStorage\vexrobotics.vexcode\sdk\cpp\V5\V5_20240802_15_00_00/vexv5\libv5rt.a(vex_triport.cpp.obj)
                0x03805214                vex::triport::installed()
 .text._ZN3vex7triport4portC2ElPS0_
                0x0380522c       0x74 c:\Users\sahana\AppData\Roaming\Code\User\globalStorage\vexrobotics.vexcode\sdk\cpp\V5\V5_20240802_15_00_00/vexv5\libv5rt.a(vex_triport.cpp.obj)
                0x0380522c                vex::triport::port::port(long, vex::triport*)
                0x0380522c                vex::triport::port::port(long, vex::triport*)
 .text._ZN3vex7triportC2El
                0x038052a0       0xf0 c:\Users\sahana\AppData\Roaming\Code\User\globalStorage\vexrobotics.vexcode\sdk\cpp\V5\V5_20240802_15_00_00/vexv5\libv5rt.a(vex_triport.cpp.obj)
                0x038052a0                vex::triport::triport(long)
                0x038052a0                vex::triport::triport(long)
 .text._ZN3vex7triport4port4typeENS_11triportTypeE
                0x03805390       0x30 c:\Users\sahana\AppData\Roaming\Code\User\globalStorage\vexrobotics.vexcode\sdk\cpp\V5\V5_20240802_15_00_00/vexv5\libv5rt.a(vex_triport.cpp.obj)
                0x03805390                vex::triport::port::type(vex::triportType)
 .text._ZN3vex7triport4port4typeEv
                0x038053c0       0x38 c:\Users\sahana\AppData\Roaming\Code\User\globalStorage\vexrobotics.vexcode\sdk\cpp\V5\V5_20240802_15_00_00/vexv5\libv5rt.a(vex_triport.cpp.obj)
                0x038053c0                vex::triport::port::type()
 .text._ZN3vex7triport4port5valueEv
                0x038053f8       0x14 c:\Users\sahana\AppData\Roaming\Code\User\globalStorage\vexrobotics.vexcode\sdk\cpp\V5\V5_20240802_15_00_00/vexv5\libv5rt.a(vex_triport.cpp.obj)
                0x038053f8                vex::triport::port::value()
 *fill*         0x0380540c        0x4 
 .text._ZN3vex7triport4port8rotationENS_13rotationUnitsE
                0x03805410       0x40 c:\Users\sahana\AppData\Roaming\Code\User\globalStorage\vexrobotics.vexcode\sdk\cpp\V5\V5_20240802_15_00_00/vexv5\libv5rt.a(vex_triport.cpp.obj)
                0x03805410                vex::triport::port::rotation(vex::rotationUnits)
 .text._ZN3vex11__trideviceC2ERNS_7triport4portENS_11triportTypeE
                0x03805450       0x5c c:\Users\sahana\AppData\Roaming\Code\User\globalStorage\vexrobotics.vexcode\sdk\cpp\V5\V5_20240802_15_00_00/vexv5\libv5rt.a(vex_triport.cpp.obj)
                0x03805450                vex::__tridevice::__tridevice(vex::triport::port&, vex::triportType)
                0x03805450                vex::__tridevice::__tridevice(vex::triport::port&, vex::triportType)
 .text._ZN3vex11digital_outC2ERNS_7triport4portE
                0x038054ac       0x18 c:\Users\sahana\AppData\Roaming\Code\User\globalStorage\vexrobotics.vexcode\sdk\cpp\V5\V5_20240802_15_00_00/vexv5\libv5rt.a(vex_triport.cpp.obj)
                0x038054ac                vex::digital_out::digital_out(vex::triport::port&)
                0x038054ac                vex::digital_out::digital_out(vex::triport::port&)
 .text._ZN3vex11digital_outD2Ev
                0x038054c4        0x4 c:\Users\sahana\AppData\Roaming\Code\User\globalStorage\vexrobotics.vexcode\sdk\cpp\V5\V5_20240802_15_00_00/vexv5\libv5rt.a(vex_triport.cpp.obj)
                0x038054c4                vex::digital_out::~digital_out()
                0x038054c4                vex::digital_out::~digital_out()
 .text._ZN3vex7encoderC2ERNS_7triport4portE
                0x038054c8       0x20 c:\Users\sahana\AppData\Roaming\Code\User\globalStorage\vexrobotics.vexcode\sdk\cpp\V5\V5_20240802_15_00_00/vexv5\libv5rt.a(vex_triport.cpp.obj)
                0x038054c8                vex::encoder::encoder(vex::triport::port&)
                0x038054c8                vex::encoder::encoder(vex::triport::port&)
 .text._ZN3vex7encoderD2Ev
                0x038054e8        0x4 c:\Users\sahana\AppData\Roaming\Code\User\globalStorage\vexrobotics.vexcode\sdk\cpp\V5\V5_20240802_15_00_00/vexv5\libv5rt.a(vex_triport.cpp.obj)
                0x038054e8                vex::encoder::~encoder()
                0x038054e8                vex::encoder::~encoder()
 .text._ZN3vex7encoder8positionENS_13rotationUnitsE
                0x038054ec        0x8 c:\Users\sahana\AppData\Roaming\Code\User\globalStorage\vexrobotics.vexcode\sdk\cpp\V5\V5_20240802_15_00_00/vexv5\libv5rt.a(vex_triport.cpp.obj)
                0x038054ec                vex::encoder::position(vex::rotationUnits)
 .text._ZN3vex5colorD2Ev
                0x038054f4        0x4 c:\Users\sahana\AppData\Roaming\Code\User\globalStorage\vexrobotics.vexcode\sdk\cpp\V5\V5_20240802_15_00_00/vexv5\libv5rt.a(vex_color.cpp.obj)
                0x038054f4                vex::color::~color()
                0x038054f4                vex::color::~color()
 .text._ZNK3vex5colorcvmEv
                0x038054f8        0x8 c:\Users\sahana\AppData\Roaming\Code\User\globalStorage\vexrobotics.vexcode\sdk\cpp\V5\V5_20240802_15_00_00/vexv5\libv5rt.a(vex_color.cpp.obj)
                0x038054f8                vex::color::operator unsigned long() const
 .text.startup._GLOBAL__sub_I__ZN3vex5color5blackE
                0x03805500      0x164 c:\Users\sahana\AppData\Roaming\Code\User\globalStorage\vexrobotics.vexcode\sdk\cpp\V5\V5_20240802_15_00_00/vexv5\libv5rt.a(vex_color.cpp.obj)
 .text._ZN3vex5timerD2Ev
                0x03805664        0x4 c:\Users\sahana\AppData\Roaming\Code\User\globalStorage\vexrobotics.vexcode\sdk\cpp\V5\V5_20240802_15_00_00/vexv5\libv5rt.a(vex_timer.cpp.obj)
                0x03805664                vex::timer::~timer()
                0x03805664                vex::timer::~timer()
 .text._ZN3vex5timer5clearEv
                0x03805668       0x1c c:\Users\sahana\AppData\Roaming\Code\User\globalStorage\vexrobotics.vexcode\sdk\cpp\V5\V5_20240802_15_00_00/vexv5\libv5rt.a(vex_timer.cpp.obj)
                0x03805668                vex::timer::clear()
 .text._ZN3vex5timerC2Ev
                0x03805684       0x14 c:\Users\sahana\AppData\Roaming\Code\User\globalStorage\vexrobotics.vexcode\sdk\cpp\V5\V5_20240802_15_00_00/vexv5\libv5rt.a(vex_timer.cpp.obj)
                0x03805684                vex::timer::timer()
                0x03805684                vex::timer::timer()
 .text._ZN3vex11motor_group18motor_group_motorsC2Ev
                0x03805698       0x28 c:\Users\sahana\AppData\Roaming\Code\User\globalStorage\vexrobotics.vexcode\sdk\cpp\V5\V5_20240802_15_00_00/vexv5\libv5rt.a(vex_motorgroup.cpp.obj)
                0x03805698                vex::motor_group::motor_group_motors::motor_group_motors()
                0x03805698                vex::motor_group::motor_group_motors::motor_group_motors()
 .text._ZN3vex11motor_group18motor_group_motorsC2ERKS1_
                0x038056c0       0x20 c:\Users\sahana\AppData\Roaming\Code\User\globalStorage\vexrobotics.vexcode\sdk\cpp\V5\V5_20240802_15_00_00/vexv5\libv5rt.a(vex_motorgroup.cpp.obj)
                0x038056c0                vex::motor_group::motor_group_motors::motor_group_motors(vex::motor_group::motor_group_motors const&)
                0x038056c0                vex::motor_group::motor_group_motors::motor_group_motors(vex::motor_group::motor_group_motors const&)
 .text._ZN3vex11motor_groupC2Ev
                0x038056e0       0x1c c:\Users\sahana\AppData\Roaming\Code\User\globalStorage\vexrobotics.vexcode\sdk\cpp\V5\V5_20240802_15_00_00/vexv5\libv5rt.a(vex_motorgroup.cpp.obj)
                0x038056e0                vex::motor_group::motor_group()
                0x038056e0                vex::motor_group::motor_group()
 .text._ZN3vex11motor_groupD2Ev
                0x038056fc        0x4 c:\Users\sahana\AppData\Roaming\Code\User\globalStorage\vexrobotics.vexcode\sdk\cpp\V5\V5_20240802_15_00_00/vexv5\libv5rt.a(vex_motorgroup.cpp.obj)
                0x038056fc                vex::motor_group::~motor_group()
                0x038056fc                vex::motor_group::~motor_group()
 .text._ZN3vex11motor_group9_addMotorERNS_5motorE
                0x03805700       0x20 c:\Users\sahana\AppData\Roaming\Code\User\globalStorage\vexrobotics.vexcode\sdk\cpp\V5\V5_20240802_15_00_00/vexv5\libv5rt.a(vex_motorgroup.cpp.obj)
                0x03805700                vex::motor_group::_addMotor(vex::motor&)
 .text._ZN3vex11motor_group4spinENS_13directionTypeEdNS_12voltageUnitsE
                0x03805720       0x54 c:\Users\sahana\AppData\Roaming\Code\User\globalStorage\vexrobotics.vexcode\sdk\cpp\V5\V5_20240802_15_00_00/vexv5\libv5rt.a(vex_motorgroup.cpp.obj)
                0x03805720                vex::motor_group::spin(vex::directionType, double, vex::voltageUnits)
 .text._ZN3vex11motor_group4stopENS_9brakeTypeE
                0x03805774       0x38 c:\Users\sahana\AppData\Roaming\Code\User\globalStorage\vexrobotics.vexcode\sdk\cpp\V5\V5_20240802_15_00_00/vexv5\libv5rt.a(vex_motorgroup.cpp.obj)
                0x03805774                vex::motor_group::stop(vex::brakeType)
 .text._ZN3vex11motor_group8positionENS_13rotationUnitsE
                0x038057ac        0xc c:\Users\sahana\AppData\Roaming\Code\User\globalStorage\vexrobotics.vexcode\sdk\cpp\V5\V5_20240802_15_00_00/vexv5\libv5rt.a(vex_motorgroup.cpp.obj)
                0x038057ac                vex::motor_group::position(vex::rotationUnits)
 .text.vexAdiPortConfigSet
                0x038057b8       0x28 c:\Users\sahana\AppData\Roaming\Code\User\globalStorage\vexrobotics.vexcode\sdk\cpp\V5\V5_20240802_15_00_00/vexv5\libv5rt.a(v5_apiuser.c.obj)
                0x038057b8                vexAdiPortConfigSet
 .text.vexAdiPortConfigGet
                0x038057e0       0x28 c:\Users\sahana\AppData\Roaming\Code\User\globalStorage\vexrobotics.vexcode\sdk\cpp\V5\V5_20240802_15_00_00/vexv5\libv5rt.a(v5_apiuser.c.obj)
                0x038057e0                vexAdiPortConfigGet
 .text.vexAdiValueGet
                0x03805808       0x20 c:\Users\sahana\AppData\Roaming\Code\User\globalStorage\vexrobotics.vexcode\sdk\cpp\V5\V5_20240802_15_00_00/vexv5\libv5rt.a(v5_apiuser.c.obj)
                0x03805808                vexAdiValueGet
 .text.vexMotorVelocitySet
                0x03805828       0x20 c:\Users\sahana\AppData\Roaming\Code\User\globalStorage\vexrobotics.vexcode\sdk\cpp\V5\V5_20240802_15_00_00/vexv5\libv5rt.a(v5_apiuser.c.obj)
                0x03805828                vexMotorVelocitySet
 .text.vexMotorVoltageSet
                0x03805848       0x20 c:\Users\sahana\AppData\Roaming\Code\User\globalStorage\vexrobotics.vexcode\sdk\cpp\V5\V5_20240802_15_00_00/vexv5\libv5rt.a(v5_apiuser.c.obj)
                0x03805848                vexMotorVoltageSet
 .text.vexMotorActualVelocityGet
                0x03805868       0x24 c:\Users\sahana\AppData\Roaming\Code\User\globalStorage\vexrobotics.vexcode\sdk\cpp\V5\V5_20240802_15_00_00/vexv5\libv5rt.a(v5_apiuser.c.obj)
                0x03805868                vexMotorActualVelocityGet
 .text.vexMotorReverseFlagSet
                0x0380588c       0x20 c:\Users\sahana\AppData\Roaming\Code\User\globalStorage\vexrobotics.vexcode\sdk\cpp\V5\V5_20240802_15_00_00/vexv5\libv5rt.a(v5_apiuser.c.obj)
                0x0380588c                vexMotorReverseFlagSet
 .text.vexMotorEncoderUnitsSet
                0x038058ac       0x20 c:\Users\sahana\AppData\Roaming\Code\User\globalStorage\vexrobotics.vexcode\sdk\cpp\V5\V5_20240802_15_00_00/vexv5\libv5rt.a(v5_apiuser.c.obj)
                0x038058ac                vexMotorEncoderUnitsSet
 .text.vexMotorBrakeModeSet
                0x038058cc       0x20 c:\Users\sahana\AppData\Roaming\Code\User\globalStorage\vexrobotics.vexcode\sdk\cpp\V5\V5_20240802_15_00_00/vexv5\libv5rt.a(v5_apiuser.c.obj)
                0x038058cc                vexMotorBrakeModeSet
 .text.vexMotorPositionSet
                0x038058ec       0x28 c:\Users\sahana\AppData\Roaming\Code\User\globalStorage\vexrobotics.vexcode\sdk\cpp\V5\V5_20240802_15_00_00/vexv5\libv5rt.a(v5_apiuser.c.obj)
                0x038058ec                vexMotorPositionSet
 .text.vexMotorPositionGet
                0x03805914       0x24 c:\Users\sahana\AppData\Roaming\Code\User\globalStorage\vexrobotics.vexcode\sdk\cpp\V5\V5_20240802_15_00_00/vexv5\libv5rt.a(v5_apiuser.c.obj)
                0x03805914                vexMotorPositionGet
 .text.vexMotorGearingSet
                0x03805938       0x20 c:\Users\sahana\AppData\Roaming\Code\User\globalStorage\vexrobotics.vexcode\sdk\cpp\V5\V5_20240802_15_00_00/vexv5\libv5rt.a(v5_apiuser.c.obj)
                0x03805938                vexMotorGearingSet
 .text.vexMotorGearingGet
                0x03805958       0x18 c:\Users\sahana\AppData\Roaming\Code\User\globalStorage\vexrobotics.vexcode\sdk\cpp\V5\V5_20240802_15_00_00/vexv5\libv5rt.a(v5_apiuser.c.obj)
                0x03805958                vexMotorGearingGet
 .text.vexImuReset
                0x03805970       0x10 c:\Users\sahana\AppData\Roaming\Code\User\globalStorage\vexrobotics.vexcode\sdk\cpp\V5\V5_20240802_15_00_00/vexv5\libv5rt.a(v5_apiuser.c.obj)
                0x03805970                vexImuReset
 .text.vexImuHeadingGet
                0x03805980       0x10 c:\Users\sahana\AppData\Roaming\Code\User\globalStorage\vexrobotics.vexcode\sdk\cpp\V5\V5_20240802_15_00_00/vexv5\libv5rt.a(v5_apiuser.c.obj)
                0x03805980                vexImuHeadingGet
 .text.vexImuDegreesGet
                0x03805990       0x10 c:\Users\sahana\AppData\Roaming\Code\User\globalStorage\vexrobotics.vexcode\sdk\cpp\V5\V5_20240802_15_00_00/vexv5\libv5rt.a(v5_apiuser.c.obj)
                0x03805990                vexImuDegreesGet
 .text.vexImuStatusGet
                0x038059a0       0x10 c:\Users\sahana\AppData\Roaming\Code\User\globalStorage\vexrobotics.vexcode\sdk\cpp\V5\V5_20240802_15_00_00/vexv5\libv5rt.a(v5_apiuser.c.obj)
                0x038059a0                vexImuStatusGet
 .text.vexAbsEncPositionGet
                0x038059b0       0x10 c:\Users\sahana\AppData\Roaming\Code\User\globalStorage\vexrobotics.vexcode\sdk\cpp\V5\V5_20240802_15_00_00/vexv5\libv5rt.a(v5_apiuser.c.obj)
                0x038059b0                vexAbsEncPositionGet
 .text.vexAbsEncAngleGet
                0x038059c0       0x10 c:\Users\sahana\AppData\Roaming\Code\User\globalStorage\vexrobotics.vexcode\sdk\cpp\V5\V5_20240802_15_00_00/vexv5\libv5rt.a(v5_apiuser.c.obj)
                0x038059c0                vexAbsEncAngleGet
 .text.vexAbsEncReverseFlagSet
                0x038059d0       0x18 c:\Users\sahana\AppData\Roaming\Code\User\globalStorage\vexrobotics.vexcode\sdk\cpp\V5\V5_20240802_15_00_00/vexv5\libv5rt.a(v5_apiuser.c.obj)
                0x038059d0                vexAbsEncReverseFlagSet
 .text.vexDistanceDistanceGet
                0x038059e8       0x10 c:\Users\sahana\AppData\Roaming\Code\User\globalStorage\vexrobotics.vexcode\sdk\cpp\V5\V5_20240802_15_00_00/vexv5\libv5rt.a(v5_apiuser.c.obj)
                0x038059e8                vexDistanceDistanceGet
 .text.vexEventMaskSet
                0x038059f8       0x28 c:\Users\sahana\AppData\Roaming\Code\User\globalStorage\vexrobotics.vexcode\sdk\cpp\V5\V5_20240802_15_00_00/vexv5\libv5rt.a(v5_apiuser.c.obj)
                0x038059f8                vexEventMaskSet
 .text.vexEventMaskGet
                0x03805a20       0x18 c:\Users\sahana\AppData\Roaming\Code\User\globalStorage\vexrobotics.vexcode\sdk\cpp\V5\V5_20240802_15_00_00/vexv5\libv5rt.a(v5_apiuser.c.obj)
                0x03805a20                vexEventMaskGet
 .text._ZN3vex6deviceD2Ev
                0x03805a38        0x4 c:\Users\sahana\AppData\Roaming\Code\User\globalStorage\vexrobotics.vexcode\sdk\cpp\V5\V5_20240802_15_00_00/vexv5\libv5rt.a(vex_device.cpp.obj)
                0x03805a38                vex::device::~device()
                0x03805a38                vex::device::~device()
 .text._ZN3vex6device5valueEv
                0x03805a3c        0x8 c:\Users\sahana\AppData\Roaming\Code\User\globalStorage\vexrobotics.vexcode\sdk\cpp\V5\V5_20240802_15_00_00/vexv5\libv5rt.a(vex_device.cpp.obj)
                0x03805a3c                vex::device::value()
 .text._ZN3vex6deviceD0Ev
                0x03805a44       0x14 c:\Users\sahana\AppData\Roaming\Code\User\globalStorage\vexrobotics.vexcode\sdk\cpp\V5\V5_20240802_15_00_00/vexv5\libv5rt.a(vex_device.cpp.obj)
                0x03805a44                vex::device::~device()
 .text._ZN3vex6device4initEl
                0x03805a58       0x30 c:\Users\sahana\AppData\Roaming\Code\User\globalStorage\vexrobotics.vexcode\sdk\cpp\V5\V5_20240802_15_00_00/vexv5\libv5rt.a(vex_device.cpp.obj)
                0x03805a58                vex::device::init(long)
 .text._ZN3vex6deviceC2El
                0x03805a88       0x20 c:\Users\sahana\AppData\Roaming\Code\User\globalStorage\vexrobotics.vexcode\sdk\cpp\V5\V5_20240802_15_00_00/vexv5\libv5rt.a(vex_device.cpp.obj)
                0x03805a88                vex::device::device(long)
                0x03805a88                vex::device::device(long)
 .text._ZN3vex6device4typeEv
                0x03805aa8       0x10 c:\Users\sahana\AppData\Roaming\Code\User\globalStorage\vexrobotics.vexcode\sdk\cpp\V5\V5_20240802_15_00_00/vexv5\libv5rt.a(vex_device.cpp.obj)
                0x03805aa8                vex::device::type()
 .text._ZN3vex6device9installedEv
                0x03805ab8       0x14 c:\Users\sahana\AppData\Roaming\Code\User\globalStorage\vexrobotics.vexcode\sdk\cpp\V5\V5_20240802_15_00_00/vexv5\libv5rt.a(vex_device.cpp.obj)
                0x03805ab8                vex::device::installed()
 .text.__libc_fini_array
                0x03805acc       0x30 c:\Users\sahana\AppData\Roaming\Code\User\globalStorage\vexrobotics.vexcode\sdk\cpp\V5\V5_20240802_15_00_00/vexv5/gcc/libs\libc.a(lib_a-fini.o)
                0x03805acc                __libc_fini_array
 .text.__libc_init_array
                0x03805afc       0x58 c:\Users\sahana\AppData\Roaming\Code\User\globalStorage\vexrobotics.vexcode\sdk\cpp\V5\V5_20240802_15_00_00/vexv5/gcc/libs\libc.a(lib_a-init.o)
                0x03805afc                __libc_init_array
 .text.hypot    0x03805b54       0xb4 c:\Users\sahana\AppData\Roaming\Code\User\globalStorage\vexrobotics.vexcode\sdk\cpp\V5\V5_20240802_15_00_00/vexv5/gcc/libs\libm.a(lib_a-w_hypot.o)
                0x03805b54                hypot
 .text.__ieee754_hypot
                0x03805c08      0x198 c:\Users\sahana\AppData\Roaming\Code\User\globalStorage\vexrobotics.vexcode\sdk\cpp\V5\V5_20240802_15_00_00/vexv5/gcc/libs\libm.a(lib_a-e_hypot.o)
                0x03805c08                __ieee754_hypot
 .text.__ieee754_hypot.__stub
                0x03805da0       0x18 linker stubs
 *(.gnu.linkonce.t.*)
 *(.plt)
 *(.gnu_warning)
 *(.gcc_except_table)
 *(.glue_7)
 .glue_7        0x00000000        0x0 linker stubs
 *(.glue_7t)
 .glue_7t       0x00000000        0x0 linker stubs
 *(.vfp11_veneer)
 .vfp11_veneer  0x00000000        0x0 linker stubs
 *(.ARM.extab)
 *(.gnu.linkonce.armextab.*)

.v4_bx          0x03805db8        0x0
 .v4_bx         0x00000000        0x0 linker stubs

.iplt           0x03805db8        0x0
 .iplt          0x00000000        0x0 build/src/main.o

.init
 *(.init)

.fini
 *(.fini)

.rodata         0x03805db8      0x2dc
                0x03805db8                __rodata_start = .
 *(.rodata)
 *(.rodata.*)
 .rodata.str1.1
                0x03805db8       0x94 build/src/main.o
                                 0x97 (size before relaxing)
 .rodata.str1.1
                0x03805e4c       0x3f build/src/autons.o
 .rodata.str1.1
                0x03805e8b       0x2e c:\Users\sahana\AppData\Roaming\Code\User\globalStorage\vexrobotics.vexcode\sdk\cpp\V5\V5_20240802_15_00_00/vexv5\libv5rt.a(v5_startup.c.obj)
 *fill*         0x03805eb9        0x3 
 .rodata._ZN3vex6PORT20E
                0x03805ebc        0x4 c:\Users\sahana\AppData\Roaming\Code\User\globalStorage\vexrobotics.vexcode\sdk\cpp\V5\V5_20240802_15_00_00/vexv5\libv5rt.a(vex_global.cpp.obj)
                0x03805ebc                vex::PORT20
 .rodata._ZN3vex3fwdE
                0x03805ec0        0x4 c:\Users\sahana\AppData\Roaming\Code\User\globalStorage\vexrobotics.vexcode\sdk\cpp\V5\V5_20240802_15_00_00/vexv5\libv5rt.a(vex_global.cpp.obj)
                0x03805ec0                vex::fwd
 .rodata._ZN3vex5PORT3E
                0x03805ec4        0x4 c:\Users\sahana\AppData\Roaming\Code\User\globalStorage\vexrobotics.vexcode\sdk\cpp\V5\V5_20240802_15_00_00/vexv5\libv5rt.a(vex_global.cpp.obj)
                0x03805ec4                vex::PORT3
 .rodata._ZN3vex5PORT1E
                0x03805ec8        0x4 c:\Users\sahana\AppData\Roaming\Code\User\globalStorage\vexrobotics.vexcode\sdk\cpp\V5\V5_20240802_15_00_00/vexv5\libv5rt.a(vex_global.cpp.obj)
                0x03805ec8                vex::PORT1
 .rodata._ZN3vex7reverseE
                0x03805ecc        0x4 c:\Users\sahana\AppData\Roaming\Code\User\globalStorage\vexrobotics.vexcode\sdk\cpp\V5\V5_20240802_15_00_00/vexv5\libv5rt.a(vex_global.cpp.obj)
                0x03805ecc                vex::reverse
 .rodata._ZN3vex4voltE
                0x03805ed0        0x4 c:\Users\sahana\AppData\Roaming\Code\User\globalStorage\vexrobotics.vexcode\sdk\cpp\V5\V5_20240802_15_00_00/vexv5\libv5rt.a(vex_global.cpp.obj)
                0x03805ed0                vex::volt
 .rodata._ZN3vex7forwardE
                0x03805ed4        0x4 c:\Users\sahana\AppData\Roaming\Code\User\globalStorage\vexrobotics.vexcode\sdk\cpp\V5\V5_20240802_15_00_00/vexv5\libv5rt.a(vex_global.cpp.obj)
                0x03805ed4                vex::forward
 .rodata._ZN3vex3secE
                0x03805ed8        0x4 c:\Users\sahana\AppData\Roaming\Code\User\globalStorage\vexrobotics.vexcode\sdk\cpp\V5\V5_20240802_15_00_00/vexv5\libv5rt.a(vex_global.cpp.obj)
                0x03805ed8                vex::sec
 .rodata._ZN3vex4msecE
                0x03805edc        0x4 c:\Users\sahana\AppData\Roaming\Code\User\globalStorage\vexrobotics.vexcode\sdk\cpp\V5\V5_20240802_15_00_00/vexv5\libv5rt.a(vex_global.cpp.obj)
                0x03805edc                vex::msec
 .rodata._ZN3vex6PORT18E
                0x03805ee0        0x4 c:\Users\sahana\AppData\Roaming\Code\User\globalStorage\vexrobotics.vexcode\sdk\cpp\V5\V5_20240802_15_00_00/vexv5\libv5rt.a(vex_global.cpp.obj)
                0x03805ee0                vex::PORT18
 .rodata._ZN3vex5PORT9E
                0x03805ee4        0x4 c:\Users\sahana\AppData\Roaming\Code\User\globalStorage\vexrobotics.vexcode\sdk\cpp\V5\V5_20240802_15_00_00/vexv5\libv5rt.a(vex_global.cpp.obj)
                0x03805ee4                vex::PORT9
 .rodata._ZN3vex6PORT21E
                0x03805ee8        0x4 c:\Users\sahana\AppData\Roaming\Code\User\globalStorage\vexrobotics.vexcode\sdk\cpp\V5\V5_20240802_15_00_00/vexv5\libv5rt.a(vex_global.cpp.obj)
                0x03805ee8                vex::PORT21
 .rodata._ZN3vex5PORT2E
                0x03805eec        0x4 c:\Users\sahana\AppData\Roaming\Code\User\globalStorage\vexrobotics.vexcode\sdk\cpp\V5\V5_20240802_15_00_00/vexv5\libv5rt.a(vex_global.cpp.obj)
                0x03805eec                vex::PORT2
 .rodata._ZN3vex6PORT11E
                0x03805ef0        0x4 c:\Users\sahana\AppData\Roaming\Code\User\globalStorage\vexrobotics.vexcode\sdk\cpp\V5\V5_20240802_15_00_00/vexv5\libv5rt.a(vex_global.cpp.obj)
                0x03805ef0                vex::PORT11
 .rodata._ZN3vex7primaryE
                0x03805ef4        0x4 c:\Users\sahana\AppData\Roaming\Code\User\globalStorage\vexrobotics.vexcode\sdk\cpp\V5\V5_20240802_15_00_00/vexv5\libv5rt.a(vex_global.cpp.obj)
                0x03805ef4                vex::primary
 .rodata._ZN3vex3degE
                0x03805ef8        0x4 c:\Users\sahana\AppData\Roaming\Code\User\globalStorage\vexrobotics.vexcode\sdk\cpp\V5\V5_20240802_15_00_00/vexv5\libv5rt.a(vex_global.cpp.obj)
                0x03805ef8                vex::deg
 .rodata._ZN3vex6PORT19E
                0x03805efc        0x4 c:\Users\sahana\AppData\Roaming\Code\User\globalStorage\vexrobotics.vexcode\sdk\cpp\V5\V5_20240802_15_00_00/vexv5\libv5rt.a(vex_global.cpp.obj)
                0x03805efc                vex::PORT19
 .rodata._ZN3vex6PORT22E
                0x03805f00        0x4 c:\Users\sahana\AppData\Roaming\Code\User\globalStorage\vexrobotics.vexcode\sdk\cpp\V5\V5_20240802_15_00_00/vexv5\libv5rt.a(vex_global.cpp.obj)
                0x03805f00                vex::PORT22
 .rodata._ZN3vex4holdE
                0x03805f04        0x4 c:\Users\sahana\AppData\Roaming\Code\User\globalStorage\vexrobotics.vexcode\sdk\cpp\V5\V5_20240802_15_00_00/vexv5\libv5rt.a(vex_global.cpp.obj)
                0x03805f04                vex::hold
 .rodata._ZN3vex6PORT12E
                0x03805f08        0x4 c:\Users\sahana\AppData\Roaming\Code\User\globalStorage\vexrobotics.vexcode\sdk\cpp\V5\V5_20240802_15_00_00/vexv5\libv5rt.a(vex_global.cpp.obj)
                0x03805f08                vex::PORT12
 .rodata._ZN3vex5PORT7E
                0x03805f0c        0x4 c:\Users\sahana\AppData\Roaming\Code\User\globalStorage\vexrobotics.vexcode\sdk\cpp\V5\V5_20240802_15_00_00/vexv5\libv5rt.a(vex_global.cpp.obj)
                0x03805f0c                vex::PORT7
 .rodata._ZN3vex8ratio6_1E
                0x03805f10        0x4 c:\Users\sahana\AppData\Roaming\Code\User\globalStorage\vexrobotics.vexcode\sdk\cpp\V5\V5_20240802_15_00_00/vexv5\libv5rt.a(vex_global.cpp.obj)
                0x03805f10                vex::ratio6_1
 .rodata._ZN3vex5PORT4E
                0x03805f14        0x4 c:\Users\sahana\AppData\Roaming\Code\User\globalStorage\vexrobotics.vexcode\sdk\cpp\V5\V5_20240802_15_00_00/vexv5\libv5rt.a(vex_global.cpp.obj)
                0x03805f14                vex::PORT4
 .rodata._ZN3vex6PORT13E
                0x03805f18        0x4 c:\Users\sahana\AppData\Roaming\Code\User\globalStorage\vexrobotics.vexcode\sdk\cpp\V5\V5_20240802_15_00_00/vexv5\libv5rt.a(vex_global.cpp.obj)
                0x03805f18                vex::PORT13
 .rodata._ZN3vex5PORT8E
                0x03805f1c        0x4 c:\Users\sahana\AppData\Roaming\Code\User\globalStorage\vexrobotics.vexcode\sdk\cpp\V5\V5_20240802_15_00_00/vexv5\libv5rt.a(vex_global.cpp.obj)
                0x03805f1c                vex::PORT8
 .rodata._ZN3vex6PORT17E
                0x03805f20        0x4 c:\Users\sahana\AppData\Roaming\Code\User\globalStorage\vexrobotics.vexcode\sdk\cpp\V5\V5_20240802_15_00_00/vexv5\libv5rt.a(vex_global.cpp.obj)
                0x03805f20                vex::PORT17
 *fill*         0x03805f24        0x4 
 .rodata._ZTVN3vex5motorE
                0x03805f28       0x18 c:\Users\sahana\AppData\Roaming\Code\User\globalStorage\vexrobotics.vexcode\sdk\cpp\V5\V5_20240802_15_00_00/vexv5\libv5rt.a(vex_motor.cpp.obj)
                0x03805f28                vtable for vex::motor
 .rodata._ZTVN3vex8inertialE
                0x03805f40       0x68 c:\Users\sahana\AppData\Roaming\Code\User\globalStorage\vexrobotics.vexcode\sdk\cpp\V5\V5_20240802_15_00_00/vexv5\libv5rt.a(vex_imu.cpp.obj)
                0x03805f40                vtable for vex::inertial
 .rodata._ZTVN3vex8rotationE
                0x03805fa8       0x18 c:\Users\sahana\AppData\Roaming\Code\User\globalStorage\vexrobotics.vexcode\sdk\cpp\V5\V5_20240802_15_00_00/vexv5\libv5rt.a(vex_rotation.cpp.obj)
                0x03805fa8                vtable for vex::rotation
 .rodata._ZTVN3vex8distanceE
                0x03805fc0       0x18 c:\Users\sahana\AppData\Roaming\Code\User\globalStorage\vexrobotics.vexcode\sdk\cpp\V5\V5_20240802_15_00_00/vexv5\libv5rt.a(vex_distance.cpp.obj)
                0x03805fc0                vtable for vex::distance
 .rodata.CSWTCH.16
                0x03805fd8        0xb c:\Users\sahana\AppData\Roaming\Code\User\globalStorage\vexrobotics.vexcode\sdk\cpp\V5\V5_20240802_15_00_00/vexv5\libv5rt.a(vex_controller.cpp.obj)
 .rodata.CSWTCH.18
                0x03805fe3        0xb c:\Users\sahana\AppData\Roaming\Code\User\globalStorage\vexrobotics.vexcode\sdk\cpp\V5\V5_20240802_15_00_00/vexv5\libv5rt.a(vex_controller.cpp.obj)
 .rodata.CSWTCH.24
                0x03805fee        0x3 c:\Users\sahana\AppData\Roaming\Code\User\globalStorage\vexrobotics.vexcode\sdk\cpp\V5\V5_20240802_15_00_00/vexv5\libv5rt.a(vex_controller.cpp.obj)
 .rodata.str1.1
                0x03805ff1       0x14 c:\Users\sahana\AppData\Roaming\Code\User\globalStorage\vexrobotics.vexcode\sdk\cpp\V5\V5_20240802_15_00_00/vexv5\libv5rt.a(vex_task.cpp.obj)
 .rodata.str1.1
                0x03806005       0x2d c:\Users\sahana\AppData\Roaming\Code\User\globalStorage\vexrobotics.vexcode\sdk\cpp\V5\V5_20240802_15_00_00/vexv5\libv5rt.a(vex_brain.cpp.obj)
 *fill*         0x03806032        0x6 
 .rodata._ZTVN3vex7triportE
                0x03806038       0x18 c:\Users\sahana\AppData\Roaming\Code\User\globalStorage\vexrobotics.vexcode\sdk\cpp\V5\V5_20240802_15_00_00/vexv5\libv5rt.a(vex_triport.cpp.obj)
                0x03806038                vtable for vex::triport
 .rodata.CSWTCH.39
                0x03806050        0xe c:\Users\sahana\AppData\Roaming\Code\User\globalStorage\vexrobotics.vexcode\sdk\cpp\V5\V5_20240802_15_00_00/vexv5\libv5rt.a(vex_triport.cpp.obj)
 .rodata.CSWTCH.44